******************************************************************************
                  TI ARM Linker PC v18.1.2                     
******************************************************************************
>> Linked Fri Jul 20 23:41:42 2018

OUTPUT FILE NAME:   <uartecho_EK_TM4C1294XL_TI.out>
ENTRY POINT SYMBOL: "_c_int00"  address: 00007111


MEMORY CONFIGURATION

         name            origin    length      used     unused   attr    fill
----------------------  --------  ---------  --------  --------  ----  --------
  FLASH                 00000000   00100000  0000c276  000f3d8a  R  X
  SRAM                  20000000   00040000  00002982  0003d67e  RW X


SEGMENT ALLOCATION MAP

run origin  load origin   length   init length attrs members
----------  ----------- ---------- ----------- ----- -------
00000000    00000000    0000c280   0000c280    r-x
  00000000    00000000    0000003c   0000003c    r-- .resetVecs
  00000040    00000040    0000938a   0000938a    r-x .text
  000093cc    000093cc    00002c20   00002c20    r-- .const
  0000bff0    0000bff0    00000290   00000290    r-- .cinit
20000000    20000000    00000360   00000000    rw-
  20000000    20000000    00000360   00000000    rw- .vecs
20000380    20000380    00002628   00000000    rw-
  20000380    20000380    00001d30   00000000    rw- .bss
  200020b0    200020b0    000005f2   00000000    rw- .data
  200026a8    200026a8    00000300   00000000    rw- .stack


SECTION ALLOCATION MAP

 output                                  attributes/
section   page    origin      length       input sections
--------  ----  ----------  ----------   ----------------
.text      0    00000040    0000938a     
                  00000040    00000a5e     rtsv7M4_T_le_v4SPD16_eabi.lib : _printfi.c.obj (.text:__TI_printfi)
                  00000a9e    00000002                                   : _lock.c.obj (.text:_nop)
                  00000aa0    00000430     sysbios.aem4f : BIOS.obj (.text:ti_sysbios_family_arm_m3_Hwi_excDumpRegs__I)
                  00000ed0    0000034c     ti.targets.arm.rtsarm.aem4f : System.oem4f (.text:xdc_runtime_System_doPrint__I)
                  0000121c    00000004     driverlib.lib : uart.obj (.text:UARTIntClear)
                  00001220    000002ec     sysbios.aem4f : BIOS.obj (.text:ti_sysbios_knl_Semaphore_pend__E)
                  0000150c    00000270     rtsv7M4_T_le_v4SPD16_eabi.lib : _printfi.c.obj (.text:_pconv_a)
                  0000177c    00000004                                   : exit.c.obj (.text:abort:abort)
                  00001780    0000026c     sysbios.aem4f : BIOS.obj (.text:ti_sysbios_heaps_HeapMem_free__E)
                  000019ec    00000004     uartecho_pem4f.oem4f (.text:ti_sysbios_BIOS_RtsGateProxy_enter__E)
                  000019f0    00000250     sysbios.aem4f : BIOS.obj (.text:ti_sysbios_heaps_HeapMem_alloc__E)
                  00001c40    00000234                   : BIOS.obj (.text:ti_sysbios_knl_Task_Instance_finalize__E)
                  00001e74    0000020c     drivers_tivaware.aem4f : UARTTiva.oem4f (.text:UARTTiva_open)
                  00002080    00000204     Boot.aem4f : Boot_sysctl.oem4f (.text:ti_catalog_arm_cortexm4_tiva_ce_Boot_sysCtlClockFreqSetI__I)
                  00002284    00000004     uartecho_pem4f.oem4f (.text:ti_sysbios_BIOS_RtsGateProxy_leave__E)
                  00002288    000001fc     sysbios.aem4f : BIOS.obj (.text:ti_sysbios_family_arm_m3_Hwi_excHandlerMax__I)
                  00002484    000001d0     rtsv7M4_T_le_v4SPD16_eabi.lib : _printfi.c.obj (.text:_pconv_g)
                  00002654    000001c0     uartecho.obj (.text:main)
                  00002814    00000004     sysbios.aem4f : BIOS.obj (.text:ti_sysbios_family_arm_lm4_Timer_masterEnable__I)
                  00002818    000001c0                   : BIOS.obj (.text:ti_sysbios_knl_Task_Instance_init__E)
                  000029d8    000001b6     rtsv7M4_T_le_v4SPD16_eabi.lib : fd_add_t2.asm.obj (.text)
                  00002b8e    00000002                                   : div0.asm.obj (.text)
                  00002b90    0000018c     sysbios.aem4f : BIOS.obj (.text:ti_sysbios_family_arm_lm4_Timer_start__E)
                  00002d1c    00000004     uartecho_pem4f.oem4f (.text:ti_sysbios_family_arm_m3_Hwi_destruct)
                  00002d20    00000178     sysbios.aem4f : BIOS.obj (.text:ti_sysbios_family_arm_lm4_TimestampProvider_get64__E)
                  00002e98    00000174                   : BIOS.obj (.text:ti_sysbios_family_arm_m3_Hwi_excBusFault__I)
                  0000300c    00000004     uartecho_pem4f.oem4f (.text:ti_sysbios_family_arm_m3_TaskSupport_Module__startupDone__S)
                  00003010    00000164     sysbios.aem4f : BIOS.obj (.text:ti_sysbios_family_arm_m3_Hwi_excUsageFault__I)
                  00003174    00000150     drivers_tivaware.aem4f : GPIOTiva.oem4f (.text:GPIO_setConfig)
                  000032c4    00000004     uartecho_pem4f.oem4f (.text:ti_sysbios_heaps_HeapMem_Module_GateProxy_enter__E)
                  000032c8    00000148     sysbios.aem4f : BIOS.obj (.text:ti_sysbios_family_arm_m3_Hwi_excMemFault__I)
                  00003410    00000140                   : BIOS.obj (.text:ti_sysbios_knl_Semaphore_post__E)
                  00003550    0000013c     rtsv7M4_T_le_v4SPD16_eabi.lib : _printfi.c.obj (.text:_pconv_e)
                  0000368c    00000004     uartecho_pem4f.oem4f (.text:ti_sysbios_heaps_HeapMem_Module_GateProxy_leave__E)
                  00003690    0000013c     sysbios.aem4f : BIOS.obj (.text:ti_sysbios_heaps_HeapMem_Instance_init__E)
                  000037cc    00000004     uartecho_pem4f.oem4f (.text:ti_sysbios_knl_Clock_TimerProxy_getMaxTicks__E)
                  000037d0    0000013c     sysbios.aem4f : BIOS.obj (.text:ti_sysbios_knl_Clock_workFunc__E)
                  0000390c    00000004     uartecho_pem4f.oem4f (.text:ti_sysbios_knl_Clock_TimerProxy_getPeriod__E)
                  00003910    00000138     sysbios.aem4f : BIOS.obj (.text:ti_sysbios_family_arm_m3_Hwi_dispatchC__I)
                  00003a48    00000138     uartecho_pem4f.oem4f (.text:ti_uia_loggers_LoggerStopMode_writeMemoryRange__E)
                  00003b80    00000136     rtsv7M4_T_le_v4SPD16_eabi.lib : fd_div_t2.asm.obj (.text)
                  00003cb6    00000130     driverlib.lib : gpio.obj (.text:GPIOPadConfigSet)
                  00003de6    00000002     uartecho_pem4f.oem4f (.text:ti_sysbios_BIOS_nullFunc__I)
                  00003de8    00000120     rtsv7M4_T_le_v4SPD16_eabi.lib : _printfi.c.obj (.text:fcvt)
                  00003f08    0000011c     sysbios.aem4f : BIOS.obj (.text:ti_sysbios_knl_Clock_Instance_init__E)
                  00004024    00000004     uartecho_pem4f.oem4f (.text:ti_sysbios_knl_Clock_destruct)
                  00004028    0000011c     sysbios.aem4f : BIOS.obj (.text:ti_sysbios_knl_Swi_run__I)
                  00004144    00000118     ti.targets.arm.rtsarm.aem4f : Error.oem4f (.text:xdc_runtime_Error_policyDefault__E)
                  0000425c    00000110     rtsv7M4_T_le_v4SPD16_eabi.lib : s_scalbn.c.obj (.text:scalbn)
                  0000436c    0000010c     uartecho_pem4f.oem4f (.text:ti_uia_loggers_LoggerStopMode_write8__E)
                  00004478    00000100     ti.targets.arm.rtsarm.aem4f : Core-mem.oem4f (.text:xdc_runtime_Core_createObject__I)
                  00004578    000000fc     rtsv7M4_T_le_v4SPD16_eabi.lib : fd_mul_t2.asm.obj (.text)
                  00004674    000000f8     ti.targets.arm.rtsarm.aem4f : Startup.oem4f (.text:xdc_runtime_Startup_startMods__I)
                  0000476c    000000f8     uartecho_pem4f.oem4f (.text:xdc_runtime_System_printfExtend__I)
                  00004864    000000f4     sysbios.aem4f : m3_Hwi_asm.obj (.text:ti_sysbios_family_arm_m3_Hwi_dispatch__I)
                  00004958    000000f4     uartecho_pem4f.oem4f (.text:ti_uia_loggers_LoggerStopMode_write4__E)
                  00004a4c    000000e8     uartecho_pem4f.oem4f (.text:ti_uia_loggers_LoggerStopMode_write1__E)
                  00004b34    000000e8     uartecho_pem4f.oem4f (.text:ti_uia_loggers_LoggerStopMode_write2__E)
                  00004c1c    00000004     uartecho_pem4f.oem4f (.text:ti_sysbios_knl_Queue_destruct)
                  00004c20    000000d8     sysbios.aem4f : BIOS.obj (.text:ti_sysbios_family_arm_lm4_TimestampProvider_get32__E)
                  00004cf8    000000d8     uartecho_pem4f.oem4f (.text:ti_uia_loggers_LoggerStopMode_write0__E)
                  00004dd0    000000cc     sysbios.aem4f : BIOS.obj (.text:ti_sysbios_knl_Task_schedule__I)
                  00004e9c    000000cc     ti.targets.arm.rtsarm.aem4f : Core-smem.oem4f (.text:xdc_runtime_Core_constructObject__I)
                  00004f68    000000bc     sysbios.aem4f : BIOS.obj (.text:ti_sysbios_family_arm_m3_Hwi_excDebugMon__I)
                  00005024    00000004     uartecho_pem4f.oem4f (.text:ti_sysbios_knl_Semaphore_destruct)
                  00005028    000000bc     sysbios.aem4f : BIOS.obj (.text:ti_sysbios_family_arm_m3_Hwi_excHardFault__I)
                  000050e4    00000004     ti.uia.loggers.aem4f : LoggerStopMode.oem4f (.text:ti_uia_loggers_LoggerStopMode_getContents__E)
                  000050e8    000000bc     sysbios.aem4f : BIOS.obj (.text:ti_sysbios_knl_Task_startCore__E)
                  000051a4    00000004     uartecho_pem4f.oem4f (.text:ti_uia_loggers_LoggerStopMode_getFilterLevel__E)
                  000051a8    000000bc     sysbios.aem4f : BIOS.obj (.text:ti_sysbios_utils_Load_updateLoads__E)
                  00005264    000000b8     EK_TM4C1294XL.obj (.text:EK_TM4C1294XL_initGeneral)
                  0000531c    00000004     ti.uia.loggers.aem4f : LoggerStopMode.oem4f (.text:ti_uia_loggers_LoggerStopMode_getInstanceId__E)
                  00005320    000000b4     sysbios.aem4f : BIOS.obj (.text:ti_sysbios_gates_GateMutex_enter__E)
                  000053d4    00000004     ti.uia.loggers.aem4f : LoggerStopMode.oem4f (.text:ti_uia_loggers_LoggerStopMode_getMaxLength__E)
                  000053d8    000000b4     sysbios.aem4f : BIOS.obj (.text:ti_sysbios_knl_Task_checkStacks__E)
                  0000548c    000000b1     rtsv7M4_T_le_v4SPD16_eabi.lib : _printfi.c.obj (.text:_ltostr)
                  0000553d    00000001     --HOLE-- [fill = 0]
                  0000553e    00000002     uartecho_pem4f.oem4f (.text:ti_uia_loggers_LoggerStopMode_setFilterLevel__E)
                  00005540    000000b0     sysbios.aem4f : BIOS.obj (.text:ti_sysbios_utils_Load_idleFxn__E)
                  000055f0    000000ac     drivers_tivaware.aem4f : UARTTiva.oem4f (.text:readTaskBlocking)
                  0000569c    00000004     ti.uia.loggers.aem4f : LoggerStopMode.oem4f (.text:ti_uia_loggers_LoggerStopMode_getPriority__E)
                  000056a0    000000ac     sysbios.aem4f : BIOS.obj (.text:ti_sysbios_family_arm_lm4_Timer_enableTiva__I)
                  0000574c    00000004     ti.uia.loggers.aem4f : LoggerStopMode.oem4f (.text:ti_uia_loggers_LoggerStopMode_getTransferType__E)
                  00005750    000000ac     sysbios.aem4f : BIOS.obj (.text:ti_sysbios_knl_Swi_post__E)
                  000057fc    00000004     ti.targets.arm.rtsarm.aem4f : Error.oem4f (.text:xdc_runtime_Error_getSite__E)
                  00005800    000000a8     sysbios.aem4f : BIOS.obj (.text:ti_sysbios_family_arm_lm4_Timer_enableTimers__I)
                  000058a8    000000a8                   : BIOS.obj (.text:ti_sysbios_knl_Task_blockI__E)
                  00005950    000000a8                   : BIOS.obj (.text:ti_sysbios_knl_Task_postInit__I)
                  000059f8    000000a4                   : BIOS.obj (.text:ti_sysbios_knl_Clock_Instance_finalize__E)
                  00005a9c    000000a0     auto_init.aem4f : auto_init.oem4f (.text)
                  00005b3c    000000a0     ti.targets.arm.rtsarm.aem4f : Text.oem4f (.text:xdc_runtime_Text_putMod__E)
                  00005bdc    0000009c     rtsv7M4_T_le_v4SPD16_eabi.lib : memcpy_t2.asm.obj (.text)
                  00005c78    0000009c     sysbios.aem4f : BIOS.obj (.text:ti_sysbios_knl_Semaphore_Instance_init__E)
                  00005d14    0000009a     ti.targets.arm.rtsarm.aem4f : Text.oem4f (.text:xdc_runtime_Text_putSite__E)
                  00005dae    00000098     drivers_tivaware.aem4f : UARTTiva.oem4f (.text:UARTTiva_readPolling)
                  00005e46    00000002     ti.uia.loggers.aem4f : LoggerStopMode.oem4f (.text:ti_uia_loggers_LoggerStopMode_setPriority__E)
                  00005e48    00000098     Boot.aem4f : Boot.oem4f (.text:ti_catalog_arm_cortexm4_tiva_ce_Boot_sysCtlClockFreqSet__E)
                  00005ee0    00000096     rtsv7M4_T_le_v4SPD16_eabi.lib : ull_div_t2.asm.obj (.text)
                  00005f76    00000094     drivers_tivaware.aem4f : UARTTiva.oem4f (.text:UARTTiva_write)
                  0000600a    00000006     driverlib.lib : gpio.obj (.text:GPIOIntClear)
                  00006010    00000094     sysbios.aem4f : BIOS.obj (.text:ti_sysbios_family_arm_m3_Hwi_Instance_init__E)
                  000060a4    00000004     uartecho_pem4f.oem4f (.text:xdc_runtime_System_Module_GateProxy_enter__E)
                  000060a8    00000094     sysbios.aem4f : BIOS.obj (.text:ti_sysbios_family_arm_m3_Hwi_initNVIC__E)
                  0000613c    00000004     uartecho_pem4f.oem4f (.text:xdc_runtime_System_Module_GateProxy_leave__E)
                  00006140    00000094     sysbios.aem4f : BIOS.obj (.text:ti_sysbios_knl_Task_exit__E)
                  000061d4    00000004     ti.targets.arm.rtsarm.aem4f : System.oem4f (.text:xdc_runtime_System_aprintf_va__F)
                  000061d8    00000090     sysbios.aem4f : BIOS.obj (.text:ti_sysbios_knl_Task_unblockI__E)
                  00006268    00000090     ti.uia.loggers.aem4f : LoggerStopMode.oem4f (.text:ti_uia_loggers_LoggerStopMode_initQueueDescriptor__E)
                  000062f8    0000008c     drivers_tivaware.aem4f : GPIOTiva.oem4f (.text:GPIO_init)
                  00006384    0000008c                            : UARTTiva.oem4f (.text:UARTTiva_control)
                  00006410    0000008c     sysbios.aem4f : m3_TaskSupport_asm.obj (.text:ti_sysbios_family_arm_m3_TaskSupport_buildTaskStack)
                  0000649c    0000008a     drivers_tivaware.aem4f : UARTTiva.oem4f (.text:readIsrTextBlocking)
                  00006526    00000086     rtsv7M4_T_le_v4SPD16_eabi.lib : fd_cmp_t2.asm.obj (.text:__aeabi_cdcmple)
                  000065ac    00000086                                   : fd_cmp_t2.asm.obj (.text:__aeabi_cdrcmple)
                  00006632    00000006     driverlib.lib : gpio.obj (.text:GPIOPinRead)
                  00006638    00000084     sysbios.aem4f : BIOS.obj (.text:ti_sysbios_family_arm_m3_Hwi_postInit__I)
                  000066bc    00000082     drivers_tivaware.aem4f : UARTTiva.oem4f (.text:readIsrTextCallback)
                  0000673e    0000007a                            : UARTTiva.oem4f (.text:readTaskCallback)
                  000067b8    0000007a     rtsv7M4_T_le_v4SPD16_eabi.lib : memset_t2.asm.obj (.text)
                  00006832    00000006     driverlib.lib : gpio.obj (.text:GPIOPinWrite)
                  00006838    00000074     sysbios.aem4f : BIOS.obj (.text:ti_sysbios_knl_Clock_start__E)
                  000068ac    00000074     ti.uia.runtime.aem4f : QueueDescriptor.oem4f (.text:ti_uia_runtime_QueueDescriptor_addToList__E)
                  00006920    0000006e     rtsv7M4_T_le_v4SPD16_eabi.lib : _printfi.c.obj (.text:_mcpy)
                  0000698e    00000002     uartecho_pem4f.oem4f (.text:xdc_runtime_Startup_reset__I)
                  00006990    0000006d     ti.targets.arm.rtsarm.aem4f : System.oem4f (.text:xdc_runtime_System_formatNum__I)
                  000069fd    00000003     --HOLE-- [fill = 0]
                  00006a00    0000006c     sysbios.aem4f : BIOS.obj (.text:ti_sysbios_knl_Swi_restoreHwi__E)
                  00006a6c    0000006c     drivers_tivaware.aem4f : UARTTiva.oem4f (.text:writeData)
                  00006ad8    0000006c     ti.targets.arm.rtsarm.aem4f : Error.oem4f (.text:xdc_runtime_Error_print__E)
                  00006b44    0000006c                                 : Memory.oem4f (.text:xdc_runtime_Memory_alloc__E)
                  00006bb0    00000068     rtsv7M4_T_le_v4SPD16_eabi.lib : copy_decompress_lzss.c.obj (.text:decompress:lzss:__TI_decompress_lzss)
                  00006c18    00000066     ti.uia.loggers.aem4f : LoggerStopMode.oem4f (.text:ti_uia_loggers_LoggerStopMode_flush__E)
                  00006c7e    00000066     ti.targets.arm.rtsarm.aem4f : Core-mem.oem4f (.text:xdc_runtime_Core_deleteObject__I)
                  00006ce4    00000064     drivers_tivaware.aem4f : GPIOTiva.oem4f (.text:GPIO_hwiIntFxn)
                  00006d48    00000064     rtsv7M4_T_le_v4SPD16_eabi.lib : s_frexp.c.obj (.text:frexp)
                  00006dac    00000004     ti.targets.arm.rtsarm.aem4f : System.oem4f (.text:xdc_runtime_System_printf_va__F)
                  00006db0    00000064     sysbios.aem4f : BIOS.obj (.text:ti_sysbios_family_arm_lm4_Timer_Module_startup__E)
                  00006e14    00000064     uartecho_pem4f.oem4f (.text:ti_sysbios_family_arm_m3_Hwi_create)
                  00006e78    00000060     sysbios.aem4f : BIOS.obj (.text:ti_sysbios_family_arm_lm4_Timer_isrStub__E)
                  00006ed8    00000060                   : BIOS.obj (.text:ti_sysbios_knl_Clock_logTick__E)
                  00006f38    00000060                   : BIOS.obj (.text:ti_sysbios_utils_Load_logCPULoad__I)
                  00006f98    0000005e     drivers_tivaware.aem4f : UARTTiva.oem4f (.text:readIsrBinaryBlocking)
                  00006ff6    00000002     --HOLE-- [fill = 0]
                  00006ff8    0000005c     sysbios.aem4f : BIOS.obj (.text:ti_sysbios_knl_Swi_schedule__I)
                  00007054    00000004     --HOLE-- [fill = 0]
                  00007058    0000005c                   : BIOS.obj (.text:ti_sysbios_knl_Task_Module_startup__E)
                  000070b4    0000005b     ti.targets.arm.rtsarm.aem4f : Text.oem4f (.text:xdc_runtime_Text_putLab__E)
                  0000710f    00000001     --HOLE-- [fill = 0]
                  00007110    00000058     boot.aem4f : boot.oem4f (.text)
                  00007168    00000058     rtsv7M4_T_le_v4SPD16_eabi.lib : hostwrite.c.obj (.text:HOSTwrite)
                  000071c0    00000058     uartecho.obj (.text:echoFxn)
                  00007218    00000058     uartecho_pem4f.oem4f (.text:ti_sysbios_family_arm_m3_Hwi_construct)
                  00007270    00000058     sysbios.aem4f : m3_Hwi_asm_switch.obj (.text:ti_sysbios_family_arm_m3_Hwi_initStacks__E)
                  000072c8    00000056     driverlib.lib : gpio.obj (.text:GPIOIntTypeSet)
                  0000731e    00000056     rtsv7M4_T_le_v4SPD16_eabi.lib : _printfi.c.obj (.text:_pconv_f)
                  00007374    00000054                                   : ltoa.c.obj (.text:ltoa)
                  000073c8    00000054     drivers_tivaware.aem4f : UARTTiva.oem4f (.text:readIsrBinaryCallback)
                  0000741c    00000054     uartecho_pem4f.oem4f (.text:ti_sysbios_knl_Task_construct)
                  00007470    00000054     ti.targets.arm.rtsarm.aem4f : Assert.oem4f (.text:xdc_runtime_Assert_raise__I)
                  000074c4    00000052     rtsv7M4_T_le_v4SPD16_eabi.lib : _printfi.c.obj (.text:_ecpy)
                  00007516    00000002     --HOLE-- [fill = 0]
                  00007518    00000050     drivers_tivaware.aem4f : GPIOTiva.oem4f (.text:GPIO_setCallback)
                  00007568    00000050                            : GPIOTiva.oem4f (.text:GPIO_toggle)
                  000075b8    00000050                            : UARTTiva.oem4f (.text:UARTTiva_writeCancel)
                  00007608    00000050     Boot.aem4f : Boot_sysctl.oem4f (.text:_SysCtlFrequencyGet)
                  00007658    00000050     sysbios.aem4f : BIOS.obj (.text:ti_sysbios_family_arm_m3_Hwi_Module_startup__E)
                  000076a8    00000050     ti.targets.arm.rtsarm.aem4f : Startup.oem4f (.text:xdc_runtime_Startup_exec__E)
                  000076f8    00000050                                 : Text.oem4f (.text:xdc_runtime_Text_visitRope2__I)
                  00007748    0000004c     drivers_tivaware.aem4f : UARTTiva.oem4f (.text:UARTTiva_close)
                  00007794    0000004c     rtsv7M4_T_le_v4SPD16_eabi.lib : atoi.c.obj (.text:atoi)
                  000077e0    0000004c                                   : cpy_tbl.c.obj (.text:copy_in)
                  0000782c    00000004     --HOLE-- [fill = 0]
                  00007830    0000004c     sysbios.aem4f : BIOS.obj (.text:ti_sysbios_heaps_HeapMem_getStats__E)
                  0000787c    00000004     --HOLE-- [fill = 0]
                  00007880    0000004c                   : BIOS.obj (.text:ti_sysbios_knl_Swi_runLoop__I)
                  000078cc    00000004     --HOLE-- [fill = 0]
                  000078d0    0000004c                   : BIOS.obj (.text:ti_sysbios_knl_Task_allBlockedFunction__I)
                  0000791c    0000004c     ti.uia.loggers.aem4f : LoggerStopMode.oem4f (.text:ti_uia_loggers_LoggerStopMode_Module_startup__E)
                  00007968    00000048     driverlib.lib : gpio.obj (.text:GPIOPinConfigure)
                  000079b0    00000048     rtsv7M4_T_le_v4SPD16_eabi.lib : fd_toi_t2.asm.obj (.text)
                  000079f8    00000048     sysbios.aem4f : BIOS.obj (.text:ti_sysbios_family_arm_m3_Hwi_disableInterrupt__E)
                  00007a40    00000048                   : BIOS.obj (.text:ti_sysbios_family_arm_m3_Hwi_enableInterrupt__E)
                  00007a88    00000048                   : BIOS.obj (.text:ti_sysbios_family_arm_m3_Hwi_excReserved__I)
                  00007ad0    00000046     drivers_tivaware.aem4f : RingBuf.oem4f (.text:RingBuf_put)
                  00007b16    00000046     ti.targets.arm.rtsarm.aem4f : Core-params.oem4f (.text:xdc_runtime_Core_assignParams__I)
                  00007b5c    00000004     --HOLE-- [fill = 0]
                  00007b60    00000044     sysbios.aem4f : BIOS.obj (.text:ti_sysbios_family_arm_lm4_Timer_stop__E)
                  00007ba4    00000004     --HOLE-- [fill = 0]
                  00007ba8    00000044                   : BIOS.obj (.text:ti_sysbios_family_arm_m3_Hwi_getStackInfo__E)
                  00007bec    00000044     ti.uia.loggers.aem4f : LoggerStopMode.oem4f (.text:ti_uia_loggers_LoggerStopMode_initBuffer__I)
                  00007c30    00000044     ti.targets.arm.rtsarm.aem4f : Error.oem4f (.text:xdc_runtime_Error_setX__E)
                  00007c74    00000044                                 : SysMin.oem4f (.text:xdc_runtime_SysMin_flush__E)
                  00007cb8    00000044                                 : Text.oem4f (.text:xdc_runtime_Text_xprintf__I)
                  00007cfc    00000042     driverlib.lib : uart.obj (.text:UARTConfigSetExpClk)
                  00007d3e    00000042     drivers_tivaware.aem4f : UARTTiva.oem4f (.text:UARTTiva_hwiIntFxn)
                  00007d80    00000042                            : UARTTiva.oem4f (.text:UARTTiva_writePolling)
                  00007dc2    00000040                            : RingBuf.oem4f (.text:RingBuf_get)
                  00007e02    00000040                            : UARTTiva.oem4f (.text:UARTTiva_read)
                  00007e42    00000040     rtsv7M4_T_le_v4SPD16_eabi.lib : u_divt2.asm.obj (.text)
                  00007e82    00000002     --HOLE-- [fill = 0]
                  00007e84    00000040                                   : sprintf.c.obj (.text:sprintf)
                  00007ec4    00000004     --HOLE-- [fill = 0]
                  00007ec8    00000040     sysbios.aem4f : BIOS.obj (.text:ti_sysbios_family_arm_lm4_Timer_startup__E)
                  00007f08    0000003e     rtsv7M4_T_le_v4SPD16_eabi.lib : _printfi.c.obj (.text:_fcpy)
                  00007f46    00000002     --HOLE-- [fill = 0]
                  00007f48    0000003c     sysbios.aem4f : BIOS.obj (.text:ti_sysbios_family_arm_m3_Hwi_excSvCall__I)
                  00007f84    00000004     --HOLE-- [fill = 0]
                  00007f88    0000003c                   : BIOS.obj (.text:ti_sysbios_heaps_HeapMem_init__I)
                  00007fc4    00000004     --HOLE-- [fill = 0]
                  00007fc8    0000003c                   : BIOS.obj (.text:ti_sysbios_knl_Swi_startup__E)
                  00008004    00000038     drivers_tivaware.aem4f : UART.oem4f (.text:UART_init)
                  0000803c    00000038     rtsv7M4_T_le_v4SPD16_eabi.lib : trgmsg.c.obj (.text:__TI_writemsg)
                  00008074    00000004     --HOLE-- [fill = 0]
                  00008078    00000038     sysbios.aem4f : BIOS.obj (.text:ti_sysbios_family_arm_m3_Hwi_excNoIsr__I)
                  000080b0    00000038     uartecho_pem4f.oem4f (.text:ti_sysbios_knl_Clock_create)
                  000080e8    00000038     sysbios.aem4f : BIOS.obj (.text:ti_sysbios_knl_Task_processVitalTaskFlag__I)
                  00008120    00000038     ti.targets.arm.rtsarm.aem4f : SysMin.oem4f (.text:xdc_runtime_SysMin_putch__E)
                  00008158    00000038                                 : System.oem4f (.text:xdc_runtime_System_atexit__E)
                  00008190    00000036     drivers_tivaware.aem4f : UARTTiva.oem4f (.text:UARTTiva_readCancel)
                  000081c6    00000002     --HOLE-- [fill = 0]
                  000081c8    00000034     driverlib.lib : sysctl.obj (.text:SysCtlPeripheralEnable)
                  000081fc    00000034     rtsv7M4_T_le_v4SPD16_eabi.lib : trgmsg.c.obj (.text:__TI_readmsg)
                  00008230    00000034     sysbios.aem4f : BIOS.obj (.text:ti_sysbios_family_arm_m3_Hwi_Instance_finalize__E)
                  00008264    00000004     --HOLE-- [fill = 0]
                  00008268    00000034                   : BIOS.obj (.text:ti_sysbios_family_arm_m3_Hwi_excNmi__I)
                  0000829c    00000004     --HOLE-- [fill = 0]
                  000082a0    00000034                   : BIOS.obj (.text:ti_sysbios_hal_Hwi_checkStack)
                  000082d4    00000034     uartecho_pem4f.oem4f (.text:ti_sysbios_knl_Clock_construct)
                  00008308    00000034     uartecho_pem4f.oem4f (.text:ti_sysbios_knl_Semaphore_create)
                  0000833c    00000034     ti.uia.loggers.aem4f : LoggerStopMode.oem4f (.text:ti_uia_loggers_LoggerStopMode_reset__E)
                  00008370    00000034     ti.targets.arm.rtsarm.aem4f : Core-label.oem4f (.text:xdc_runtime_Core_assignLabel__I)
                  000083a4    00000033                                 : Text.oem4f (.text:xdc_runtime_Text_printVisFxn__I)
                  000083d7    00000001     --HOLE-- [fill = 0]
                  000083d8    00000032     sysbios.aem4f : BIOS.obj (.text:ti_sysbios_hal_Hwi_initStack)
                  0000840a    00000006     driverlib.lib : uart.obj (.text:UARTFIFOLevelSet)
                  00008410    00000032     sysbios.aem4f : BIOS.obj (.text:ti_sysbios_knl_Semaphore_pendTimeout__I)
                  00008442    00000002     --HOLE-- [fill = 0]
                  00008444    00000030     drivers_tivaware.aem4f : UART.oem4f (.text:UART_open)
                  00008474    00000030     uartecho_pem4f.oem4f (.text:ti_sysbios_BIOS_atExitFunc__I)
                  000084a4    00000004     --HOLE-- [fill = 0]
                  000084a8    00000030     sysbios.aem4f : BIOS.obj (.text:ti_sysbios_family_arm_m3_TaskSupport_start__E)
                  000084d8    00000030     uartecho_pem4f.oem4f (.text:ti_sysbios_gates_GateHwi_Object__create__S)
                  00008508    00000030     uartecho_pem4f.oem4f (.text:ti_sysbios_gates_GateMutex_Object__create__S)
                  00008538    00000030     uartecho_pem4f.oem4f (.text:ti_sysbios_heaps_HeapMem_Object__create__S)
                  00008568    00000030     uartecho_pem4f.oem4f (.text:ti_sysbios_knl_Semaphore_construct)
                  00008598    00000030     sysbios.aem4f : BIOS.obj (.text:ti_sysbios_utils_Load_updateCurrentThreadTime__E)
                  000085c8    00000030     uartecho_pem4f.oem4f (.text:ti_uia_loggers_LoggerStopMode_Object__create__S)
                  000085f8    00000030     uartecho.obj (.text:timerFxn)
                  00008628    00000030     ti.targets.arm.rtsarm.aem4f : SysMin.oem4f (.text:xdc_runtime_SysMin_abort__E)
                  00008658    00000030                                 : System.oem4f (.text:xdc_runtime_System_processAtExit__E)
                  00008688    0000002e     rtsv7M4_T_le_v4SPD16_eabi.lib : i_tofd_t2.asm.obj (.text)
                  000086b6    00000002     --HOLE-- [fill = 0]
                  000086b8    0000002c     EK_TM4C1294XL.obj (.text:EK_TM4C1294XL_initUART)
                  000086e4    0000002c     uartecho_pem4f.oem4f (.text:ti_sysbios_knl_Clock_doTick__I)
                  00008710    0000002c     uartecho_pem4f.oem4f (.text:ti_sysbios_knl_Queue_construct)
                  0000873c    00000004     --HOLE-- [fill = 0]
                  00008740    0000002c     sysbios.aem4f : BIOS.obj (.text:ti_sysbios_knl_Task_restore__E)
                  0000876c    0000002c     ti.targets.arm.rtsarm.aem4f : Text.oem4f (.text:xdc_runtime_Text_cordText__E)
                  00008798    0000002a     driverlib.lib : gpio.obj (.text:GPIODirModeSet)
                  000087c2    0000002a     ti.targets.arm.rtsarm.aem4f : System.oem4f (.text:xdc_runtime_System_putchar__I)
                  000087ec    00000004     --HOLE-- [fill = 0]
                  000087f0    00000028     sysbios.aem4f : BIOS.obj (.text:ti_sysbios_knl_Swi_Module_startup__E)
                  00008818    00000026                   : m3_Hwi_asm.obj (.text:ti_sysbios_family_arm_m3_Hwi_pendSV__I)
                  0000883e    00000026     ti.targets.arm.rtsarm.aem4f : System.oem4f (.text:xdc_runtime_System_avprintf__E)
                  00008864    00000024     uartecho_pem4f.oem4f (.text:ti_sysbios_BIOS_registerRTSLock__I)
                  00008888    00000024     uartecho_pem4f.oem4f (.text:ti_sysbios_BIOS_removeRTSLock__I)
                  000088ac    00000024     uartecho_pem4f.oem4f (.text:ti_sysbios_BIOS_startFunc__I)
                  000088d0    00000024     sysbios.aem4f : BIOS.obj (.text:ti_sysbios_family_arm_m3_Hwi_doTaskRestore__I)
                  000088f4    00000024     uartecho_pem4f.oem4f (.text:ti_sysbios_gates_GateMutex_Object__delete__S)
                  00008918    00000024     sysbios.aem4f : BIOS.obj (.text:ti_sysbios_knl_Clock_Module_startup__E)
                  0000893c    00000024     ti.targets.arm.rtsarm.aem4f : System.oem4f (.text:xdc_runtime_System_vprintf__E)
                  00008960    00000022     sysbios.aem4f : BIOS.obj (.text:ti_sysbios_family_arm_lm4_Timer_write__I)
                  00008982    00000022     uartecho_pem4f.oem4f (.text:xdc_runtime_SysMin_output__I)
                  000089a4    00000020     Boot.aem4f : Boot_sysctl.oem4f (.text:_SysCtlMemTimingGet)
                  000089c4    00000020     uartecho_pem4f.oem4f (.text:ti_sysbios_BIOS_rtsLock__I)
                  000089e4    00000020     sysbios.aem4f : m3_Hwi_asm.obj (.text:ti_sysbios_family_arm_m3_Hwi_excHandlerAsm__I)
                  00008a04    00000004     --HOLE-- [fill = 0]
                  00008a08    00000020                   : BIOS.obj (.text:ti_sysbios_family_arm_m3_Hwi_excHandler__I)
                  00008a28    00000020     uartecho_pem4f.oem4f (.text:ti_sysbios_gates_GateHwi_Object__delete__S)
                  00008a48    00000020     uartecho_pem4f.oem4f (.text:ti_sysbios_heaps_HeapMem_Object__delete__S)
                  00008a68    00000020     uartecho_pem4f.oem4f (.text:ti_sysbios_knl_Clock_Object__destruct__S)
                  00008a88    00000020     sysbios.aem4f : BIOS.obj (.text:ti_sysbios_knl_Idle_run__E)
                  00008aa8    00000020     uartecho_pem4f.oem4f (.text:ti_sysbios_knl_Semaphore_Object__destruct__S)
                  00008ac8    00000020     uartecho_pem4f.oem4f (.text:ti_uia_loggers_LoggerStopMode_Object__delete__S)
                  00008ae8    00000020     ti.targets.arm.rtsarm.aem4f : Registry.oem4f (.text:xdc_runtime_Registry_findById__E)
                  00008b08    00000020                                 : SysMin.oem4f (.text:xdc_runtime_SysMin_Module_startup__E)
                  00008b28    0000001e     uartecho_pem4f.oem4f (.text:ti_sysbios_BIOS_errorRaiseHook__I)
                  00008b46    0000001e     sysbios.aem4f : m3_Hwi_asm_switch.obj (.text:ti_sysbios_family_xxx_Hwi_switchAndRunFunc)
                  00008b64    0000001c     driverlib.lib : uart.obj (.text:UARTDisable)
                  00008b80    0000001c     drivers_tivaware.aem4f : GPIOTiva.oem4f (.text:getGpioIntIndex)
                  00008b9c    0000001c     rtsv7M4_T_le_v4SPD16_eabi.lib : memccpy.c.obj (.text:memccpy)
                  00008bb8    0000001c     uartecho_pem4f.oem4f (.text:ti_sysbios_family_arm_m3_Hwi_Object__destruct__S)
                  00008bd4    00000004     --HOLE-- [fill = 0]
                  00008bd8    0000001c     sysbios.aem4f : BIOS.obj (.text:ti_sysbios_gates_GateMutex_Instance_init__E)
                  00008bf4    0000001c     uartecho_pem4f.oem4f (.text:ti_sysbios_knl_Queue_Object__destruct__S)
                  00008c10    0000001c     sysbios.aem4f : BIOS.obj (.text:ti_sysbios_knl_Task_enter__I)
                  00008c2c    0000001c     ti.uia.loggers.aem4f : LoggerStopMode.oem4f (.text:ti_uia_loggers_LoggerStopMode_Instance_init__E)
                  00008c48    0000001c     ti.targets.arm.rtsarm.aem4f : Error.oem4f (.text:xdc_runtime_Error_raiseX__E)
                  00008c64    0000001c                                 : Memory.oem4f (.text:xdc_runtime_Memory_valloc__E)
                  00008c80    0000001c                                 : SysMin.oem4f (.text:xdc_runtime_SysMin_exit__E)
                  00008c9c    0000001c                                 : System.oem4f (.text:xdc_runtime_System_abort__E)
                  00008cb8    0000001a     uartecho_pem4f.oem4f (.text:ti_sysbios_family_arm_m3_Hwi_Handle__label__S)
                  00008cd2    0000001a     uartecho_pem4f.oem4f (.text:ti_sysbios_gates_GateHwi_Handle__label__S)
                  00008cec    0000001a     uartecho_pem4f.oem4f (.text:ti_sysbios_gates_GateMutex_Handle__label__S)
                  00008d06    0000001a     uartecho_pem4f.oem4f (.text:ti_sysbios_heaps_HeapMem_Handle__label__S)
                  00008d20    0000001a     uartecho_pem4f.oem4f (.text:ti_sysbios_knl_Swi_Handle__label__S)
                  00008d3a    0000001a     uartecho_pem4f.oem4f (.text:ti_sysbios_knl_Task_Handle__label__S)
                  00008d54    0000001a     uartecho_pem4f.oem4f (.text:ti_uia_loggers_LoggerStopMode_Handle__label__S)
                  00008d6e    0000001a     uartecho_pem4f.oem4f (.text:xdc_runtime_System_aprintf__E)
                  00008d88    0000001a     uartecho_pem4f.oem4f (.text:xdc_runtime_System_printf__E)
                  00008da2    00000002     --HOLE-- [fill = 0]
                  00008da4    00000018     drivers_tivaware.aem4f : UART.oem4f (.text:UART_Params_init)
                  00008dbc    00000018     rtsv7M4_T_le_v4SPD16_eabi.lib : args_main.c.obj (.text:_args_main)
                  00008dd4    00000018                                   : sprintf.c.obj (.text:_outs)
                  00008dec    00000018     uartecho_pem4f.oem4f (.text:ti_sysbios_BIOS_rtsUnlock__I)
                  00008e04    00000018     uartecho_pem4f.oem4f (.text:ti_sysbios_family_arm_lm4_Timer_Module__startupDone__F)
                  00008e1c    00000018     uartecho_pem4f.oem4f (.text:ti_sysbios_family_arm_m3_Hwi_Module__startupDone__F)
                  00008e34    00000018     sysbios.aem4f : m3_TaskSupport_asm.obj (.text:ti_sysbios_family_arm_m3_TaskSupport_swap__E)
                  00008e4c    00000004     --HOLE-- [fill = 0]
                  00008e50    00000018                   : BIOS.obj (.text:ti_sysbios_gates_GateMutex_leave__E)
                  00008e68    00000018     ti.targets.arm.rtsarm.aem4f : Error.oem4f (.text:xdc_runtime_Error_check__E)
                  00008e80    00000018                                 : System.oem4f (.text:xdc_runtime_System_exit__E)
                  00008e98    00000018                                 : Text.oem4f (.text:xdc_runtime_Text_ropeText__E)
                  00008eb0    00000016     rtsv7M4_T_le_v4SPD16_eabi.lib : strchr.c.obj (.text:strchr)
                  00008ec6    00000016     uartecho_pem4f.oem4f (.text:ti_sysbios_BIOS_exitFunc__I)
                  00008edc    00000016     uartecho.obj (.text:ti_sysbios_knl_Clock_Params_init)
                  00008ef2    00000016     uartecho.obj (.text:ti_sysbios_knl_Semaphore_Params_init)
                  00008f08    00000016     uartecho.obj (.text:ti_sysbios_knl_Task_Params_init)
                  00008f1e    00000016     ti.uia.loggers.aem4f : LoggerStopMode.oem4f (.text:ti_uia_loggers_LoggerStopMode_disable__E)
                  00008f34    00000016                          : LoggerStopMode.oem4f (.text:ti_uia_loggers_LoggerStopMode_enable__E)
                  00008f4a    00000014     driverlib.lib : uart.obj (.text:UARTEnable)
                  00008f5e    00000014     rtsv7M4_T_le_v4SPD16_eabi.lib : s_copysign.c.obj (.text:copysign)
                  00008f72    00000014                                   : strlen.c.obj (.text:strlen)
                  00008f86    00000002     --HOLE-- [fill = 0]
                  00008f88    00000014     uartecho_pem4f.oem4f (.text:ti_sysbios_family_arm_m3_Hwi_Object__get__S)
                  00008f9c    00000004     --HOLE-- [fill = 0]
                  00008fa0    00000014     sysbios.aem4f : BIOS.obj (.text:ti_sysbios_family_arm_m3_Hwi_switchFromBootStack__E)
                  00008fb4    00000014     uartecho_pem4f.oem4f (.text:ti_sysbios_heaps_HeapMem_Object__get__S)
                  00008fc8    00000014     uartecho_pem4f.oem4f (.text:ti_sysbios_knl_Swi_Object__get__S)
                  00008fdc    00000012     driverlib.lib : gpio.obj (.text:GPIOPinTypeUART)
                  00008fee    00000012     drivers_tivaware.aem4f : RingBuf.oem4f (.text:RingBuf_construct)
                  00009000    00000012     sysbios.aem4f : BIOS.obj (.text:ti_sysbios_hal_Hwi_Module_startup__E)
                  00009012    00000012     rtsv7M4_T_le_v4SPD16_eabi.lib : wcslen.c.obj (.text:wcslen)
                  00009024    00000012     uartecho_pem4f.oem4f (.text:xdc_runtime_Startup_exec__I)
                  00009036    00000002     --HOLE-- [fill = 0]
                  00009038    00000010     uartecho_pem4f.oem4f (.text:.bootCodeSection:ti_catalog_arm_cortexm4_tiva_ce_Boot_init__I)
                  00009048    00000010     drivers_tivaware.aem4f : UARTTiva.oem4f (.text:readBlockingTimeout)
                  00009058    00000010     sysbios.aem4f : BIOS.obj (.text:ti_sysbios_BIOS_getCpuFreq__E)
                  00009068    00000010                   : BIOS.obj (.text:ti_sysbios_BIOS_setThreadType__E)
                  00009078    00000010                   : BIOS.obj (.text:ti_sysbios_BIOS_start__E)
                  00009088    00000010                   : BIOS.obj (.text:ti_sysbios_family_arm_lm4_TimestampProvider_rolloverFunc__E)
                  00009098    00000010                   : m3_TaskSupport_asm.obj (.text:ti_sysbios_family_arm_m3_TaskSupport_glue)
                  000090a8    00000010                   : BIOS.obj (.text:ti_sysbios_gates_GateMutex_Instance_finalize__E)
                  000090b8    00000010                   : BIOS.obj (.text:ti_sysbios_knl_Semaphore_Instance_finalize__E)
                  000090c8    00000010                   : BIOS.obj (.text:ti_sysbios_knl_Swi_disable__E)
                  000090d8    00000010     uartecho_pem4f.oem4f (.text:ti_sysbios_knl_Task_Object__get__S)
                  000090e8    00000010     sysbios.aem4f : BIOS.obj (.text:ti_sysbios_knl_Task_disable__E)
                  000090f8    00000010     uartecho_pem4f.oem4f (.text:ti_uia_loggers_LoggerStopMode_Object__get__S)
                  00009108    00000010     ti.uia.loggers.aem4f : LoggerStopMode.oem4f (.text:ti_uia_loggers_LoggerStopMode_isEmpty__E)
                  00009118    00000010     ti.targets.arm.rtsarm.aem4f : Gate.oem4f (.text:xdc_runtime_Gate_leaveSystem__E)
                  00009128    00000010                                 : Memory.oem4f (.text:xdc_runtime_Memory_free__E)
                  00009138    00000010                                 : SysMin.oem4f (.text:xdc_runtime_SysMin_ready__E)
                  00009148    00000010                                 : System.oem4f (.text:xdc_runtime_System_vsnprintf__E)
                  00009158    00000010     uartecho_pem4f.oem4f (.text:xdc_runtime_Text_visitRope__I)
                  00009168    0000000e     driverlib.lib : gpio.obj (.text:GPIOIntStatus)
                  00009176    0000000e                   : uart.obj (.text:UARTCharGetNonBlocking)
                  00009184    0000000e                   : uart.obj (.text:UARTCharPutNonBlocking)
                  00009192    0000000e     rtsv7M4_T_le_v4SPD16_eabi.lib : copy_decompress_none.c.obj (.text:decompress:none:__TI_decompress_none)
                  000091a0    0000000e     sysbios.aem4f : BIOS.obj (.text:ti_sysbios_knl_Idle_loop__E)
                  000091ae    00000002     --HOLE-- [fill = 0]
                  000091b0    0000000e                   : BIOS.obj (.text:ti_sysbios_knl_Queue_empty__E)
                  000091be    0000000c     drivers_tivaware.aem4f : RingBuf.oem4f (.text:RingBuf_peek)
                  000091ca    0000000c     driverlib.lib : uart.obj (.text:UARTFlowControlSet)
                  000091d6    0000000c     drivers_tivaware.aem4f : UARTTiva.oem4f (.text:UARTTiva_init)
                  000091e2    00000002     --HOLE-- [fill = 0]
                  000091e4    0000000c     rtsv7M4_T_le_v4SPD16_eabi.lib : _lock.c.obj (.text:_register_lock)
                  000091f0    0000000c                                   : _lock.c.obj (.text:_register_unlock)
                  000091fc    0000000c                                   : copy_zero_init.c.obj (.text:decompress:ZI:__TI_zero_init)
                  00009208    0000000c     sysbios.aem4f : BIOS.obj (.text:ti_sysbios_family_arm_lm4_Timer_getMaxTicks__E)
                  00009214    00000004     --HOLE-- [fill = 0]
                  00009218    0000000c                   : BIOS.obj (.text:ti_sysbios_family_arm_lm4_TimestampProvider_startTimer__E)
                  00009224    0000000c     uartecho_pem4f.oem4f (.text:ti_sysbios_family_arm_m3_Hwi_Params__init__S)
                  00009230    0000000c     sysbios.aem4f : BIOS.obj (.text:ti_sysbios_family_arm_m3_Hwi_disableFxn__E)
                  0000923c    00000004     --HOLE-- [fill = 0]
                  00009240    0000000c                   : BIOS.obj (.text:ti_sysbios_family_arm_m3_TaskSupport_checkStack__E)
                  0000924c    00000004     --HOLE-- [fill = 0]
                  00009250    0000000c                   : BIOS.obj (.text:ti_sysbios_family_arm_m3_TaskSupport_getStackAlignment__E)
                  0000925c    00000004     --HOLE-- [fill = 0]
                  00009260    0000000c                   : BIOS.obj (.text:ti_sysbios_gates_GateHwi_enter__E)
                  0000926c    0000000c     uartecho_pem4f.oem4f (.text:ti_sysbios_knl_Clock_Params__init__S)
                  00009278    0000000c     uartecho_pem4f.oem4f (.text:ti_sysbios_knl_Queue_Object__get__S)
                  00009284    0000000c     uartecho_pem4f.oem4f (.text:ti_sysbios_knl_Semaphore_Params__init__S)
                  00009290    0000000c     uartecho_pem4f.oem4f (.text:ti_sysbios_knl_Task_Params__init__S)
                  0000929c    0000000c     ti.targets.arm.rtsarm.aem4f : Error.oem4f (.text:xdc_runtime_Error_init__E)
                  000092a8    0000000c                                 : Gate.oem4f (.text:xdc_runtime_Gate_enterSystem__E)
                  000092b4    0000000c                                 : Memory.oem4f (.text:xdc_runtime_Memory_calloc__E)
                  000092c0    0000000c                                 : Memory.oem4f (.text:xdc_runtime_Memory_getMaxDefaultTypeAlign__E)
                  000092cc    0000000a     driverlib.lib : uart.obj (.text:UARTCharGet)
                  000092d6    0000000a                   : uart.obj (.text:UARTCharPut)
                  000092e0    0000000a                   : uart.obj (.text:UARTIntDisable)
                  000092ea    0000000a                   : uart.obj (.text:UARTIntStatus)
                  000092f4    0000000a     drivers_tivaware.aem4f : UART.oem4f (.text:UART_write)
                  000092fe    0000000a     rtsv7M4_T_le_v4SPD16_eabi.lib : sprintf.c.obj (.text:_outc)
                  00009308    0000000a     uartecho_pem4f.oem4f (.text:xdc_runtime_IHeap_alloc)
                  00009312    0000000a     uartecho_pem4f.oem4f (.text:xdc_runtime_IHeap_free)
                  0000931c    00000008     EK_TM4C1294XL.obj (.text:EK_TM4C1294XL_initGPIO)
                  00009324    00000008     driverlib.lib : uart.obj (.text:UARTIntEnable)
                  0000932c    00000008                   : uart.obj (.text:UARTRxErrorGet)
                  00009334    00000008     rtsv7M4_T_le_v4SPD16_eabi.lib : errno.c.obj (.text:__aeabi_errno_addr)
                  0000933c    00000008     drivers_tivaware.aem4f : UARTTiva.oem4f (.text:readSemCallback)
                  00009344    00000008     sysbios.aem4f : BIOS.obj (.text:ti_sysbios_family_arm_lm4_Timer_masterDisable__I)
                  0000934c    00000004     --HOLE-- [fill = 0]
                  00009350    00000008                   : BIOS.obj (.text:ti_sysbios_family_arm_m3_Hwi_doSwiRestore__I)
                  00009358    00000008                   : BIOS.obj (.text:ti_sysbios_family_arm_m3_Hwi_startup__E)
                  00009360    00000008     drivers_tivaware.aem4f : UARTTiva.oem4f (.text:writeSemCallback)
                  00009368    00000006     driverlib.lib : uart.obj (.text:UARTRxErrorClear)
                  0000936e    00000002     --HOLE-- [fill = 0]
                  00009370    00000006     sysbios.aem4f : BIOS.obj (.text:ti_sysbios_family_arm_lm4_TimestampProvider_Module_startup__E)
                  00009376    00000002     --HOLE-- [fill = 0]
                  00009378    00000006                   : BIOS.obj (.text:ti_sysbios_family_arm_m3_Hwi_restoreFxn__E)
                  0000937e    00000002     --HOLE-- [fill = 0]
                  00009380    00000006                   : BIOS.obj (.text:ti_sysbios_gates_GateHwi_leave__E)
                  00009386    00000002     --HOLE-- [fill = 0]
                  00009388    00000006                   : BIOS.obj (.text:ti_sysbios_heaps_HeapMem_isBlocking__E)
                  0000938e    00000002     --HOLE-- [fill = 0]
                  00009390    00000006                   : BIOS.obj (.text:ti_sysbios_knl_Clock_stop__E)
                  00009396    00000002     --HOLE-- [fill = 0]
                  00009398    00000006                   : BIOS.obj (.text:ti_sysbios_knl_Queue_Instance_init__E)
                  0000939e    00000006     ti.targets.arm.rtsarm.aem4f : System.oem4f (.text:xdc_runtime_System_Module_startup__E)
                  000093a4    00000004     --HOLE-- [fill = 0]
                  000093a8    00000004     sysbios.aem4f : BIOS.obj (.text:ti_sysbios_family_arm_lm4_Timer_getPeriod__E)
                  000093ac    00000004     --HOLE-- [fill = 0]
                  000093b0    00000004                   : BIOS.obj (.text:ti_sysbios_gates_GateHwi_query__E)
                  000093b4    00000004     --HOLE-- [fill = 0]
                  000093b8    00000004                   : BIOS.obj (.text:ti_sysbios_gates_GateMutex_query__E)
                  000093bc    00000004     --HOLE-- [fill = 0]
                  000093c0    00000004                   : BIOS.obj (.text:ti_sysbios_knl_Task_startup__E)
                  000093c4    00000004     --HOLE-- [fill = 0]
                  000093c8    00000002                   : BIOS.obj (.text:ti_sysbios_gates_GateHwi_Instance_init__E)

.const     0    000093cc    00002c20     
                  000093cc    00001fa3     uartecho_pem4f.oem4f (.const:xdc_runtime_Text_charTab__A)
                  0000b36f    00000001     uartecho_pem4f.oem4f (.const:xdc_runtime_Error_policy__C)
                  0000b370    00000120     Boot.aem4f : Boot_sysctl.oem4f (.const:g_pppui32XTALtoVCO)
                  0000b490    00000104     uartecho_pem4f.oem4f (.const:xdc_runtime_Text_nodeTab__A)
                  0000b594    00000101     rtsv7M4_T_le_v4SPD16_eabi.lib : ctype.c.obj (.const:.string:_ctypes_)
                  0000b695    00000001     --HOLE-- [fill = 0]
                  0000b696    00000002     uartecho_pem4f.oem4f (.const:ti_catalog_arm_cortexm4_tiva_ce_Boot_Module__id__C)
                  0000b698    00000090     driverlib.lib : gpio.obj (.const:g_pui32GPIOBaseAddrs)
                  0000b728    0000006c     Boot.aem4f : Boot_sysctl.oem4f (.const:g_pui32Xtals)
                  0000b794    00000060     uartecho_pem4f.oem4f (.const:ti_uia_loggers_LoggerStopMode_Module__FXNS__C)
                  0000b7f4    00000054     drivers_tivaware.aem4f : GPIOTiva.oem4f (.const:.string)
                  0000b848    0000004c                            : UARTTiva.oem4f (.const)
                  0000b894    00000048     uartecho_pem4f.oem4f (.const:.string)
                  0000b8dc    00000048     drivers_tivaware.aem4f : GPIOTiva.oem4f (.const:gpioBaseAddresses)
                  0000b924    0000003c     uartecho_pem4f.oem4f (.const:ti_sysbios_knl_Task_Object__PARAMS__C)
                  0000b960    00000030     Boot.aem4f : Boot_sysctl.oem4f (.const:g_sXTALtoMEMTIM)
                  0000b990    00000030     uartecho_pem4f.oem4f (.const:ti_sysbios_family_arm_m3_Hwi_Object__PARAMS__C)
                  0000b9c0    00000028     drivers_tivaware.aem4f : UARTTiva.oem4f (.const:UARTTiva_fxnTable)
                  0000b9e8    00000028     uartecho_pem4f.oem4f (.const:ti_sysbios_heaps_HeapMem_Module__FXNS__C)
                  0000ba10    00000028     uartecho_pem4f.oem4f (.const:ti_uia_loggers_LoggerStopMode_Object__PARAMS__C)
                  0000ba38    00000028     uartecho_pem4f.oem4f (.const:xdc_runtime_Startup_sfxnTab__A)
                  0000ba60    00000024     drivers_tivaware.aem4f : UART.oem4f (.const:UART_defaultParams)
                  0000ba84    00000024     uartecho_pem4f.oem4f (.const:ti_sysbios_gates_GateHwi_Module__FXNS__C)
                  0000baa8    00000024     uartecho_pem4f.oem4f (.const:ti_sysbios_gates_GateMutex_Module__FXNS__C)
                  0000bacc    00000024     uartecho_pem4f.oem4f (.const:ti_sysbios_heaps_HeapMem_Object__PARAMS__C)
                  0000baf0    00000024     uartecho_pem4f.oem4f (.const:ti_sysbios_knl_Clock_Object__PARAMS__C)
                  0000bb14    00000024     uartecho_pem4f.oem4f (.const:ti_sysbios_knl_Semaphore_Object__PARAMS__C)
                  0000bb38    00000020     uartecho_pem4f.oem4f (.const:ti_sysbios_family_arm_m3_Hwi_Object__DESC__C)
                  0000bb58    00000020     uartecho_pem4f.oem4f (.const:ti_sysbios_gates_GateHwi_Object__DESC__C)
                  0000bb78    00000020     uartecho_pem4f.oem4f (.const:ti_sysbios_gates_GateMutex_Object__DESC__C)
                  0000bb98    00000020     uartecho_pem4f.oem4f (.const:ti_sysbios_heaps_HeapMem_Object__DESC__C)
                  0000bbb8    00000020     uartecho_pem4f.oem4f (.const:ti_sysbios_knl_Clock_Object__DESC__C)
                  0000bbd8    00000020     uartecho_pem4f.oem4f (.const:ti_sysbios_knl_Queue_Object__DESC__C)
                  0000bbf8    00000020     uartecho_pem4f.oem4f (.const:ti_sysbios_knl_Semaphore_Object__DESC__C)
                  0000bc18    00000020     uartecho_pem4f.oem4f (.const:ti_sysbios_knl_Task_Object__DESC__C)
                  0000bc38    00000020     uartecho_pem4f.oem4f (.const:ti_uia_loggers_LoggerStopMode_Object__DESC__C)
                  0000bc58    00000018     EK_TM4C1294XL.obj (.const:UART_config)
                  0000bc70    00000018     uartecho_pem4f.oem4f (.const:ti_sysbios_gates_GateHwi_Object__PARAMS__C)
                  0000bc88    00000018     uartecho_pem4f.oem4f (.const:ti_sysbios_gates_GateMutex_Object__PARAMS__C)
                  0000bca0    00000018     uartecho_pem4f.oem4f (.const:ti_sysbios_knl_Queue_Object__PARAMS__C)
                  0000bcb8    00000018     EK_TM4C1294XL.obj (.const:uartTivaHWAttrs)
                  0000bcd0    00000014     EK_TM4C1294XL.obj (.const:GPIOTiva_config)
                  0000bce4    00000014     uartecho_pem4f.oem4f (.const:xdc_runtime_Startup_firstFxns__A)
                  0000bcf8    00000014     uartecho_pem4f.oem4f (.const:xdc_runtime_Startup_sfxnRts__A)
                  0000bd0c    00000008     Boot.aem4f : Boot_sysctl.oem4f (.const)
                  0000bd14    00000008     uartecho_pem4f.oem4f (.const:ti_sysbios_family_arm_m3_Hwi_excHookFuncs__A)
                  0000bd1c    00000008     uartecho_pem4f.oem4f (.const:ti_sysbios_knl_Idle_funcList__A)
                  0000bd24    00000008     uartecho_pem4f.oem4f (.const:ti_sysbios_knl_Idle_funcList__C)
                  0000bd2c    00000008     uartecho_pem4f.oem4f (.const:xdc_runtime_Startup_firstFxns__C)
                  0000bd34    00000008     uartecho_pem4f.oem4f (.const:xdc_runtime_Startup_lastFxns__C)
                  0000bd3c    00000004     uartecho_pem4f.oem4f (.const:ti_catalog_arm_cortexm4_tiva_ce_Boot_A_mustNotUseEnhancedClockMode__C)
                  0000bd40    00000004     uartecho_pem4f.oem4f (.const:ti_catalog_arm_cortexm4_tiva_ce_Boot_Module__diagsEnabled__C)
                  0000bd44    00000004     uartecho_pem4f.oem4f (.const:ti_catalog_arm_cortexm4_tiva_ce_Boot_Module__diagsIncluded__C)
                  0000bd48    00000004     uartecho_pem4f.oem4f (.const:ti_catalog_arm_cortexm4_tiva_ce_Boot_Module__diagsMask__C)
                  0000bd4c    00000004     uartecho_pem4f.oem4f (.const:ti_sysbios_family_arm_lm4_Timer_enableFunc__C)
                  0000bd50    00000004     uartecho_pem4f.oem4f (.const:ti_sysbios_family_arm_lm4_Timer_numTimerDevices__C)
                  0000bd54    00000004     uartecho_pem4f.oem4f (.const:ti_sysbios_family_arm_lm4_Timer_startupNeeded__C)
                  0000bd58    00000004     uartecho_pem4f.oem4f (.const:ti_sysbios_family_arm_m3_Hwi_E_NMI__C)
                  0000bd5c    00000004     uartecho_pem4f.oem4f (.const:ti_sysbios_family_arm_m3_Hwi_E_alreadyDefined__C)
                  0000bd60    00000004     uartecho_pem4f.oem4f (.const:ti_sysbios_family_arm_m3_Hwi_E_busFault__C)
                  0000bd64    00000004     uartecho_pem4f.oem4f (.const:ti_sysbios_family_arm_m3_Hwi_E_debugMon__C)
                  0000bd68    00000004     uartecho_pem4f.oem4f (.const:ti_sysbios_family_arm_m3_Hwi_E_hardFault__C)
                  0000bd6c    00000004     uartecho_pem4f.oem4f (.const:ti_sysbios_family_arm_m3_Hwi_E_memFault__C)
                  0000bd70    00000004     uartecho_pem4f.oem4f (.const:ti_sysbios_family_arm_m3_Hwi_E_noIsr__C)
                  0000bd74    00000004     uartecho_pem4f.oem4f (.const:ti_sysbios_family_arm_m3_Hwi_E_reserved__C)
                  0000bd78    00000004     uartecho_pem4f.oem4f (.const:ti_sysbios_family_arm_m3_Hwi_E_svCall__C)
                  0000bd7c    00000004     uartecho_pem4f.oem4f (.const:ti_sysbios_family_arm_m3_Hwi_E_usageFault__C)
                  0000bd80    00000004     uartecho_pem4f.oem4f (.const:ti_sysbios_family_arm_m3_Hwi_LD_end__C)
                  0000bd84    00000004     uartecho_pem4f.oem4f (.const:ti_sysbios_family_arm_m3_Hwi_LM_begin__C)
                  0000bd88    00000004     uartecho_pem4f.oem4f (.const:ti_sysbios_family_arm_m3_Hwi_Module__diagsEnabled__C)
                  0000bd8c    00000004     uartecho_pem4f.oem4f (.const:ti_sysbios_family_arm_m3_Hwi_Module__diagsIncluded__C)
                  0000bd90    00000004     uartecho_pem4f.oem4f (.const:ti_sysbios_family_arm_m3_Hwi_Module__diagsMask__C)
                  0000bd94    00000004     uartecho_pem4f.oem4f (.const:ti_sysbios_family_arm_m3_Hwi_Module__loggerFxn1__C)
                  0000bd98    00000004     uartecho_pem4f.oem4f (.const:ti_sysbios_family_arm_m3_Hwi_Module__loggerFxn8__C)
                  0000bd9c    00000004     uartecho_pem4f.oem4f (.const:ti_sysbios_family_arm_m3_Hwi_Module__loggerObj__C)
                  0000bda0    00000004     uartecho_pem4f.oem4f (.const:ti_sysbios_family_arm_m3_Hwi_NUM_INTERRUPTS__C)
                  0000bda4    00000004     uartecho_pem4f.oem4f (.const:ti_sysbios_family_arm_m3_Hwi_Object__count__C)
                  0000bda8    00000004     uartecho_pem4f.oem4f (.const:ti_sysbios_family_arm_m3_Hwi_ccr__C)
                  0000bdac    00000004     uartecho_pem4f.oem4f (.const:ti_sysbios_family_arm_m3_Hwi_excHandlerFunc__C)
                  0000bdb0    00000004     uartecho_pem4f.oem4f (.const:ti_sysbios_family_arm_m3_Hwi_excHookFuncs__C)
                  0000bdb4    00000004     uartecho_pem4f.oem4f (.const:ti_sysbios_family_arm_m3_Hwi_nullIsrFunc__C)
                  0000bdb8    00000004     uartecho_pem4f.oem4f (.const:ti_sysbios_family_arm_m3_Hwi_priGroup__C)
                  0000bdbc    00000004     uartecho_pem4f.oem4f (.const:ti_sysbios_family_arm_m3_TaskSupport_stackAlignment__C)
                  0000bdc0    00000004     uartecho_pem4f.oem4f (.const:ti_sysbios_gates_GateMutex_A_badContext__C)
                  0000bdc4    00000004     uartecho_pem4f.oem4f (.const:ti_sysbios_gates_GateMutex_Instance_State_sem__O)
                  0000bdc8    00000004     uartecho_pem4f.oem4f (.const:ti_sysbios_gates_GateMutex_Module__diagsEnabled__C)
                  0000bdcc    00000004     uartecho_pem4f.oem4f (.const:ti_sysbios_gates_GateMutex_Module__diagsIncluded__C)
                  0000bdd0    00000004     uartecho_pem4f.oem4f (.const:ti_sysbios_gates_GateMutex_Module__diagsMask__C)
                  0000bdd4    00000004     uartecho_pem4f.oem4f (.const:ti_sysbios_hal_Hwi_E_stackOverflow__C)
                  0000bdd8    00000004     uartecho_pem4f.oem4f (.const:ti_sysbios_heaps_HeapMem_A_align__C)
                  0000bddc    00000004     uartecho_pem4f.oem4f (.const:ti_sysbios_heaps_HeapMem_A_heapSize__C)
                  0000bde0    00000004     uartecho_pem4f.oem4f (.const:ti_sysbios_heaps_HeapMem_A_invalidFree__C)
                  0000bde4    00000004     uartecho_pem4f.oem4f (.const:ti_sysbios_heaps_HeapMem_A_zeroBlock__C)
                  0000bde8    00000004     uartecho_pem4f.oem4f (.const:ti_sysbios_heaps_HeapMem_E_memory__C)
                  0000bdec    00000004     uartecho_pem4f.oem4f (.const:ti_sysbios_heaps_HeapMem_Module__diagsEnabled__C)
                  0000bdf0    00000004     uartecho_pem4f.oem4f (.const:ti_sysbios_heaps_HeapMem_Module__diagsIncluded__C)
                  0000bdf4    00000004     uartecho_pem4f.oem4f (.const:ti_sysbios_heaps_HeapMem_Module__diagsMask__C)
                  0000bdf8    00000004     uartecho_pem4f.oem4f (.const:ti_sysbios_heaps_HeapMem_Module__gateObj__C)
                  0000bdfc    00000004     uartecho_pem4f.oem4f (.const:ti_sysbios_heaps_HeapMem_Object__count__C)
                  0000be00    00000004     uartecho_pem4f.oem4f (.const:ti_sysbios_heaps_HeapMem_reqAlign__C)
                  0000be04    00000004     uartecho_pem4f.oem4f (.const:ti_sysbios_knl_Clock_A_badThreadType__C)
                  0000be08    00000004     uartecho_pem4f.oem4f (.const:ti_sysbios_knl_Clock_LM_begin__C)
                  0000be0c    00000004     uartecho_pem4f.oem4f (.const:ti_sysbios_knl_Clock_LM_tick__C)
                  0000be10    00000004     uartecho_pem4f.oem4f (.const:ti_sysbios_knl_Clock_LW_delayed__C)
                  0000be14    00000004     uartecho_pem4f.oem4f (.const:ti_sysbios_knl_Clock_Module_State_clockQ__O)
                  0000be18    00000004     uartecho_pem4f.oem4f (.const:ti_sysbios_knl_Clock_Module__diagsEnabled__C)
                  0000be1c    00000004     uartecho_pem4f.oem4f (.const:ti_sysbios_knl_Clock_Module__diagsIncluded__C)
                  0000be20    00000004     uartecho_pem4f.oem4f (.const:ti_sysbios_knl_Clock_Module__diagsMask__C)
                  0000be24    00000004     uartecho_pem4f.oem4f (.const:ti_sysbios_knl_Clock_Module__loggerFxn1__C)
                  0000be28    00000004     uartecho_pem4f.oem4f (.const:ti_sysbios_knl_Clock_Module__loggerFxn2__C)
                  0000be2c    00000004     uartecho_pem4f.oem4f (.const:ti_sysbios_knl_Clock_Module__loggerObj__C)
                  0000be30    00000004     uartecho_pem4f.oem4f (.const:ti_sysbios_knl_Semaphore_A_badContext__C)
                  0000be34    00000004     uartecho_pem4f.oem4f (.const:ti_sysbios_knl_Semaphore_A_noEvents__C)
                  0000be38    00000004     uartecho_pem4f.oem4f (.const:ti_sysbios_knl_Semaphore_A_overflow__C)
                  0000be3c    00000004     uartecho_pem4f.oem4f (.const:ti_sysbios_knl_Semaphore_A_pendTaskDisabled__C)
                  0000be40    00000004     uartecho_pem4f.oem4f (.const:ti_sysbios_knl_Semaphore_Instance_State_pendQ__O)
                  0000be44    00000004     uartecho_pem4f.oem4f (.const:ti_sysbios_knl_Semaphore_LM_pend__C)
                  0000be48    00000004     uartecho_pem4f.oem4f (.const:ti_sysbios_knl_Semaphore_LM_post__C)
                  0000be4c    00000004     uartecho_pem4f.oem4f (.const:ti_sysbios_knl_Semaphore_Module__diagsEnabled__C)
                  0000be50    00000004     uartecho_pem4f.oem4f (.const:ti_sysbios_knl_Semaphore_Module__diagsIncluded__C)
                  0000be54    00000004     uartecho_pem4f.oem4f (.const:ti_sysbios_knl_Semaphore_Module__diagsMask__C)
                  0000be58    00000004     uartecho_pem4f.oem4f (.const:ti_sysbios_knl_Semaphore_Module__loggerFxn2__C)
                  0000be5c    00000004     uartecho_pem4f.oem4f (.const:ti_sysbios_knl_Semaphore_Module__loggerFxn4__C)
                  0000be60    00000004     uartecho_pem4f.oem4f (.const:ti_sysbios_knl_Semaphore_Module__loggerObj__C)
                  0000be64    00000004     uartecho_pem4f.oem4f (.const:ti_sysbios_knl_Swi_LD_end__C)
                  0000be68    00000004     uartecho_pem4f.oem4f (.const:ti_sysbios_knl_Swi_LM_begin__C)
                  0000be6c    00000004     uartecho_pem4f.oem4f (.const:ti_sysbios_knl_Swi_LM_post__C)
                  0000be70    00000004     uartecho_pem4f.oem4f (.const:ti_sysbios_knl_Swi_Module__diagsEnabled__C)
                  0000be74    00000004     uartecho_pem4f.oem4f (.const:ti_sysbios_knl_Swi_Module__diagsIncluded__C)
                  0000be78    00000004     uartecho_pem4f.oem4f (.const:ti_sysbios_knl_Swi_Module__diagsMask__C)
                  0000be7c    00000004     uartecho_pem4f.oem4f (.const:ti_sysbios_knl_Swi_Module__loggerFxn1__C)
                  0000be80    00000004     uartecho_pem4f.oem4f (.const:ti_sysbios_knl_Swi_Module__loggerFxn4__C)
                  0000be84    00000004     uartecho_pem4f.oem4f (.const:ti_sysbios_knl_Swi_Module__loggerObj__C)
                  0000be88    00000004     uartecho_pem4f.oem4f (.const:ti_sysbios_knl_Swi_Object__count__C)
                  0000be8c    00000004     uartecho_pem4f.oem4f (.const:ti_sysbios_knl_Task_A_badPriority__C)
                  0000be90    00000004     uartecho_pem4f.oem4f (.const:ti_sysbios_knl_Task_A_badTaskState__C)
                  0000be94    00000004     uartecho_pem4f.oem4f (.const:ti_sysbios_knl_Task_A_badThreadType__C)
                  0000be98    00000004     uartecho_pem4f.oem4f (.const:ti_sysbios_knl_Task_A_noPendElem__C)
                  0000be9c    00000004     uartecho_pem4f.oem4f (.const:ti_sysbios_knl_Task_E_spOutOfBounds__C)
                  0000bea0    00000004     uartecho_pem4f.oem4f (.const:ti_sysbios_knl_Task_E_stackOverflow__C)
                  0000bea4    00000004     uartecho_pem4f.oem4f (.const:ti_sysbios_knl_Task_LD_block__C)
                  0000bea8    00000004     uartecho_pem4f.oem4f (.const:ti_sysbios_knl_Task_LD_exit__C)
                  0000beac    00000004     uartecho_pem4f.oem4f (.const:ti_sysbios_knl_Task_LD_ready__C)
                  0000beb0    00000004     uartecho_pem4f.oem4f (.const:ti_sysbios_knl_Task_LM_switch__C)
                  0000beb4    00000004     uartecho_pem4f.oem4f (.const:ti_sysbios_knl_Task_Module_State_inactiveQ__O)
                  0000beb8    00000004     uartecho_pem4f.oem4f (.const:ti_sysbios_knl_Task_Module__diagsEnabled__C)
                  0000bebc    00000004     uartecho_pem4f.oem4f (.const:ti_sysbios_knl_Task_Module__diagsIncluded__C)
                  0000bec0    00000004     uartecho_pem4f.oem4f (.const:ti_sysbios_knl_Task_Module__diagsMask__C)
                  0000bec4    00000004     uartecho_pem4f.oem4f (.const:ti_sysbios_knl_Task_Module__loggerFxn2__C)
                  0000bec8    00000004     uartecho_pem4f.oem4f (.const:ti_sysbios_knl_Task_Module__loggerFxn4__C)
                  0000becc    00000004     uartecho_pem4f.oem4f (.const:ti_sysbios_knl_Task_Module__loggerObj__C)
                  0000bed0    00000004     uartecho_pem4f.oem4f (.const:ti_sysbios_knl_Task_Object__count__C)
                  0000bed4    00000004     uartecho_pem4f.oem4f (.const:ti_sysbios_knl_Task_allBlockedFunc__C)
                  0000bed8    00000004     uartecho_pem4f.oem4f (.const:ti_sysbios_knl_Task_defaultStackHeap__C)
                  0000bedc    00000004     uartecho_pem4f.oem4f (.const:ti_sysbios_knl_Task_defaultStackSize__C)
                  0000bee0    00000004     uartecho_pem4f.oem4f (.const:ti_sysbios_knl_Task_numConstructedTasks__C)
                  0000bee4    00000004     uartecho_pem4f.oem4f (.const:ti_sysbios_utils_Load_LS_cpuLoad__C)
                  0000bee8    00000004     uartecho_pem4f.oem4f (.const:ti_sysbios_utils_Load_Module__diagsEnabled__C)
                  0000beec    00000004     uartecho_pem4f.oem4f (.const:ti_sysbios_utils_Load_Module__diagsIncluded__C)
                  0000bef0    00000004     uartecho_pem4f.oem4f (.const:ti_sysbios_utils_Load_Module__diagsMask__C)
                  0000bef4    00000004     uartecho_pem4f.oem4f (.const:ti_sysbios_utils_Load_Module__loggerFxn1__C)
                  0000bef8    00000004     uartecho_pem4f.oem4f (.const:ti_sysbios_utils_Load_Module__loggerObj__C)
                  0000befc    00000004     uartecho_pem4f.oem4f (.const:ti_sysbios_utils_Load_postUpdate__C)
                  0000bf00    00000004     uartecho_pem4f.oem4f (.const:ti_sysbios_utils_Load_windowInMs__C)
                  0000bf04    00000004     uartecho_pem4f.oem4f (.const:ti_uia_loggers_LoggerStopMode_Module__diagsEnabled__C)
                  0000bf08    00000004     uartecho_pem4f.oem4f (.const:ti_uia_loggers_LoggerStopMode_Module__diagsIncluded__C)
                  0000bf0c    00000004     uartecho_pem4f.oem4f (.const:ti_uia_loggers_LoggerStopMode_Module__diagsMask__C)
                  0000bf10    00000004     uartecho_pem4f.oem4f (.const:ti_uia_loggers_LoggerStopMode_Object__count__C)
                  0000bf14    00000004     uartecho_pem4f.oem4f (.const:ti_uia_runtime_ILoggerSnapshot_Interface__BASE__C)
                  0000bf18    00000004     uartecho_pem4f.oem4f (.const:ti_uia_runtime_IUIATransfer_Interface__BASE__C)
                  0000bf1c    00000004     uartecho_pem4f.oem4f (.const:xdc_runtime_Assert_E_assertFailed__C)
                  0000bf20    00000004     uartecho_pem4f.oem4f (.const:xdc_runtime_Core_A_initializedParams__C)
                  0000bf24    00000004     uartecho_pem4f.oem4f (.const:xdc_runtime_Core_Module__diagsEnabled__C)
                  0000bf28    00000004     uartecho_pem4f.oem4f (.const:xdc_runtime_Core_Module__diagsIncluded__C)
                  0000bf2c    00000004     uartecho_pem4f.oem4f (.const:xdc_runtime_Core_Module__diagsMask__C)
                  0000bf30    00000004     uartecho_pem4f.oem4f (.const:xdc_runtime_Error_E_memory__C)
                  0000bf34    00000004     uartecho_pem4f.oem4f (.const:xdc_runtime_Error_Module__diagsEnabled__C)
                  0000bf38    00000004     uartecho_pem4f.oem4f (.const:xdc_runtime_Error_Module__diagsIncluded__C)
                  0000bf3c    00000004     uartecho_pem4f.oem4f (.const:xdc_runtime_Error_Module__diagsMask__C)
                  0000bf40    00000004     uartecho_pem4f.oem4f (.const:xdc_runtime_Error_Module__loggerFxn8__C)
                  0000bf44    00000004     uartecho_pem4f.oem4f (.const:xdc_runtime_Error_Module__loggerObj__C)
                  0000bf48    00000004     uartecho_pem4f.oem4f (.const:xdc_runtime_Error_policyFxn__C)
                  0000bf4c    00000004     uartecho_pem4f.oem4f (.const:xdc_runtime_Error_raiseHook__C)
                  0000bf50    00000004     uartecho_pem4f.oem4f (.const:xdc_runtime_IFilterLogger_Interface__BASE__C)
                  0000bf54    00000004     uartecho_pem4f.oem4f (.const:xdc_runtime_IGateProvider_Interface__BASE__C)
                  0000bf58    00000004     uartecho_pem4f.oem4f (.const:xdc_runtime_IHeap_Interface__BASE__C)
                  0000bf5c    00000004     uartecho_pem4f.oem4f (.const:xdc_runtime_ILogger_Interface__BASE__C)
                  0000bf60    00000004     uartecho_pem4f.oem4f (.const:xdc_runtime_IModule_Interface__BASE__C)
                  0000bf64    00000004     uartecho_pem4f.oem4f (.const:xdc_runtime_Log_L_error__C)
                  0000bf68    00000004     uartecho_pem4f.oem4f (.const:xdc_runtime_Memory_defaultHeapInstance__C)
                  0000bf6c    00000004     uartecho_pem4f.oem4f (.const:xdc_runtime_Startup_execImpl__C)
                  0000bf70    00000004     uartecho_pem4f.oem4f (.const:xdc_runtime_Startup_lastFxns__A)
                  0000bf74    00000004     uartecho_pem4f.oem4f (.const:xdc_runtime_Startup_maxPasses__C)
                  0000bf78    00000004     uartecho_pem4f.oem4f (.const:xdc_runtime_Startup_sfxnRts__C)
                  0000bf7c    00000004     uartecho_pem4f.oem4f (.const:xdc_runtime_Startup_sfxnTab__C)
                  0000bf80    00000004     uartecho_pem4f.oem4f (.const:xdc_runtime_SysMin_bufSize__C)
                  0000bf84    00000004     uartecho_pem4f.oem4f (.const:xdc_runtime_SysMin_outputFunc__C)
                  0000bf88    00000004     uartecho_pem4f.oem4f (.const:xdc_runtime_System_Module__gateObj__C)
                  0000bf8c    00000004     uartecho_pem4f.oem4f (.const:xdc_runtime_System_abortFxn__C)
                  0000bf90    00000004     uartecho_pem4f.oem4f (.const:xdc_runtime_System_exitFxn__C)
                  0000bf94    00000004     uartecho_pem4f.oem4f (.const:xdc_runtime_System_extendFxn__C)
                  0000bf98    00000004     uartecho_pem4f.oem4f (.const:xdc_runtime_System_maxAtexitHandlers__C)
                  0000bf9c    00000004     uartecho_pem4f.oem4f (.const:xdc_runtime_Text_charTab__C)
                  0000bfa0    00000004     uartecho_pem4f.oem4f (.const:xdc_runtime_Text_nameEmpty__C)
                  0000bfa4    00000004     uartecho_pem4f.oem4f (.const:xdc_runtime_Text_nameStatic__C)
                  0000bfa8    00000004     uartecho_pem4f.oem4f (.const:xdc_runtime_Text_nameUnknown__C)
                  0000bfac    00000004     uartecho_pem4f.oem4f (.const:xdc_runtime_Text_nodeTab__C)
                  0000bfb0    00000004     uartecho_pem4f.oem4f (.const:xdc_runtime_Text_visitRopeFxn__C)
                  0000bfb4    00000002     uartecho_pem4f.oem4f (.const:ti_sysbios_family_arm_lm4_TimestampProvider_useClockTimer__C)
                  0000bfb6    00000002     uartecho_pem4f.oem4f (.const:ti_sysbios_family_arm_m3_Hwi_Module__id__C)
                  0000bfb8    00000002     uartecho_pem4f.oem4f (.const:ti_sysbios_family_arm_m3_Hwi_Module__loggerDefined__C)
                  0000bfba    00000002     uartecho_pem4f.oem4f (.const:ti_sysbios_gates_GateMutex_Module__id__C)
                  0000bfbc    00000002     uartecho_pem4f.oem4f (.const:ti_sysbios_hal_Hwi_Module__id__C)
                  0000bfbe    00000002     uartecho_pem4f.oem4f (.const:ti_sysbios_heaps_HeapMem_Module__id__C)
                  0000bfc0    00000002     uartecho_pem4f.oem4f (.const:ti_sysbios_knl_Clock_Module__id__C)
                  0000bfc2    00000002     uartecho_pem4f.oem4f (.const:ti_sysbios_knl_Clock_Module__loggerDefined__C)
                  0000bfc4    00000002     uartecho_pem4f.oem4f (.const:ti_sysbios_knl_Semaphore_Module__id__C)
                  0000bfc6    00000002     uartecho_pem4f.oem4f (.const:ti_sysbios_knl_Semaphore_Module__loggerDefined__C)
                  0000bfc8    00000002     uartecho_pem4f.oem4f (.const:ti_sysbios_knl_Swi_Module__id__C)
                  0000bfca    00000002     uartecho_pem4f.oem4f (.const:ti_sysbios_knl_Swi_Module__loggerDefined__C)
                  0000bfcc    00000002     uartecho_pem4f.oem4f (.const:ti_sysbios_knl_Task_Module__id__C)
                  0000bfce    00000002     uartecho_pem4f.oem4f (.const:ti_sysbios_knl_Task_Module__loggerDefined__C)
                  0000bfd0    00000002     uartecho_pem4f.oem4f (.const:ti_sysbios_utils_Load_Module__id__C)
                  0000bfd2    00000002     uartecho_pem4f.oem4f (.const:ti_sysbios_utils_Load_Module__loggerDefined__C)
                  0000bfd4    00000002     uartecho_pem4f.oem4f (.const:ti_sysbios_utils_Load_updateInIdle__C)
                  0000bfd6    00000002     uartecho_pem4f.oem4f (.const:ti_uia_loggers_LoggerStopMode_Module__id__C)
                  0000bfd8    00000002     uartecho_pem4f.oem4f (.const:ti_uia_loggers_LoggerStopMode_isTimestampEnabled__C)
                  0000bfda    00000002     uartecho_pem4f.oem4f (.const:xdc_runtime_Core_Module__id__C)
                  0000bfdc    00000002     uartecho_pem4f.oem4f (.const:xdc_runtime_Error_Module__loggerDefined__C)
                  0000bfde    00000002     uartecho_pem4f.oem4f (.const:xdc_runtime_Error_maxDepth__C)
                  0000bfe0    00000002     uartecho_pem4f.oem4f (.const:xdc_runtime_Memory_Module__id__C)
                  0000bfe2    00000002     uartecho_pem4f.oem4f (.const:xdc_runtime_SysMin_flushAtExit__C)
                  0000bfe4    00000002     uartecho_pem4f.oem4f (.const:xdc_runtime_Text_charCnt__C)
                  0000bfe6    00000002     uartecho_pem4f.oem4f (.const:xdc_runtime_Text_isLoaded__C)
                  0000bfe8    00000002     uartecho_pem4f.oem4f (.const:xdc_runtime_Text_registryModsLastId__C)
                  0000bfea    00000002     uartecho_pem4f.oem4f (.const:xdc_runtime_Text_unnamedModsLastId__C)

.cinit     0    0000bff0    00000290     
                  0000bff0    0000025b     (.cinit..data.load) [load image, compression = lzss]
                  0000c24b    00000001     --HOLE-- [fill = 0]
                  0000c24c    0000000c     (__TI_handler_table)
                  0000c258    00000008     (.cinit..bss.load) [load image, compression = zero_init]
                  0000c260    00000008     (.cinit..vecs.load) [load image, compression = zero_init]
                  0000c268    00000018     (__TI_cinit_table)

.init_array 
*          0    00000000    00000000     UNINITIALIZED

.resetVecs 
*          0    00000000    0000003c     
                  00000000    0000003c     uartecho_pem4f.oem4f (.resetVecs)

.bss       0    20000380    00001d30     UNINITIALIZED
                  20000380    00000800     (.common:task0Stack)
                  20000b80    00000400     (.common:ti_sysbios_heaps_HeapMem_Instance_State_0_buf__A)
                  20000f80    00000400     (.common:ti_uia_loggers_LoggerStopMode_Instance_State_2_packetArray__A)
                  20001380    00000360     (.common:ti_sysbios_family_arm_m3_Hwi_dispatchTable)
                  200016e0    00000200     uartecho_pem4f.oem4f (.bss:taskStackSection)
                  200018e0    00000020     (.common:uartTivaRingBuffer)
                  20001900    00000200     (.common:ti_uia_loggers_LoggerStopMode_Instance_State_1_packetArray__A)
                  20001b00    00000120     rtsv7M4_T_le_v4SPD16_eabi.lib : trgmsg.c.obj (.bss:_CIOBUF_)
                  20001c20    00000050     (.common:task0Struct)
                  20001c70    00000008     (.common:parmbuf)
                  20001c78    00000004     (.common:gpioInterruptVectors)
                  20001c7c    00000004     (.common:sem)
                  20001c80    00000100     (.common:ti_uia_loggers_LoggerStopMode_Instance_State_0_packetArray__A)
                  20001d80    000000cc     (.common:uartTivaObjects)
                  20001e4c    00000090     drivers_tivaware.aem4f : GPIOTiva.oem4f (.bss:gpioCallbackInfo)
                  20001edc    00000080     (.common:xdc_runtime_SysMin_Module_State_0_outbuf__A)
                  20001f5c    00000004     (.common:uart)
                  20001f60    00000020     --HOLE--
                  20001f80    00000030     (.common:ti_uia_loggers_LoggerStopMode_Instance_State_0_hdr__A)
                  20001fb0    00000050     --HOLE--
                  20002000    00000030     (.common:ti_uia_loggers_LoggerStopMode_Instance_State_1_hdr__A)
                  20002030    00000050     --HOLE--
                  20002080    00000030     (.common:ti_uia_loggers_LoggerStopMode_Instance_State_2_hdr__A)

.data      0    200020b0    000005f2     UNINITIALIZED
                  200020b0    0000009c     uartecho_pem4f.oem4f (.data:ti_uia_loggers_LoggerStopMode_Object__table__V)
                  2000214c    00000098     uartecho_pem4f.oem4f (.data:ti_sysbios_utils_Load_Module__state__V)
                  200021e4    00000080     uartecho_pem4f.oem4f (.data:ti_sysbios_family_arm_lm4_Timer_Object__table__V)
                  20002264    00000080     uartecho_pem4f.oem4f (.data:ti_sysbios_knl_Swi_Module_State_0_readyQ__A)
                  200022e4    00000080     uartecho_pem4f.oem4f (.data:ti_sysbios_knl_Task_Module_State_0_readyQ__A)
                  20002364    0000004c     uartecho_pem4f.oem4f (.data:ti_sysbios_knl_Task_Object__table__V)
                  200023b0    00000044     uartecho_pem4f.oem4f (.data:ti_sysbios_knl_Task_Module__state__V)
                  200023f4    00000040     uartecho_pem4f.oem4f (.data:ti_sysbios_family_arm_lm4_Timer_Module_State_0_device__A)
                  20002434    00000038     uartecho_pem4f.oem4f (.data:ti_sysbios_gates_GateMutex_Object__table__V)
                  2000246c    00000034     uartecho_pem4f.oem4f (.data:ti_sysbios_family_arm_m3_Hwi_Module__state__V)
                  200024a0    00000030     uartecho_pem4f.oem4f (.data:ti_sysbios_family_arm_m3_Hwi_Object__table__V)
                  200024d0    00000030     uartecho_pem4f.oem4f (.data:ti_sysbios_knl_Swi_Object__table__V)
                  20002500    0000002c     uartecho_pem4f.oem4f (.data:ti_sysbios_knl_Clock_Module__state__V)
                  2000252c    00000024     uartecho_pem4f.oem4f (.data:ti_sysbios_BIOS_Module__state__V)
                  20002550    00000020     uartecho_pem4f.oem4f (.data:ti_sysbios_family_arm_lm4_Timer_Module_State_0_handles__A)
                  20002570    0000001c     uartecho_pem4f.oem4f (.data:ti_sysbios_knl_Swi_Module__state__V)
[...]
0000bd98  ti_sysbios_family_arm_m3_Hwi_Module__loggerFxn8__C                   
0000bd9c  ti_sysbios_family_arm_m3_Hwi_Module__loggerObj__C                    
0000bda0  ti_sysbios_family_arm_m3_Hwi_NUM_INTERRUPTS__C                       
0000bda4  ti_sysbios_family_arm_m3_Hwi_Object__count__C                        
0000bda8  ti_sysbios_family_arm_m3_Hwi_ccr__C                                  
0000bdac  ti_sysbios_family_arm_m3_Hwi_excHandlerFunc__C                       
0000bdb0  ti_sysbios_family_arm_m3_Hwi_excHookFuncs__C                         
0000bdb4  ti_sysbios_family_arm_m3_Hwi_nullIsrFunc__C                          
0000bdb8  ti_sysbios_family_arm_m3_Hwi_priGroup__C                             
0000bdbc  ti_sysbios_family_arm_m3_TaskSupport_stackAlignment__C               
0000bdc0  ti_sysbios_gates_GateMutex_A_badContext__C                           
0000bdc4  ti_sysbios_gates_GateMutex_Instance_State_sem__O                     
0000bdc8  ti_sysbios_gates_GateMutex_Module__diagsEnabled__C                   
0000bdcc  ti_sysbios_gates_GateMutex_Module__diagsIncluded__C                  
0000bdd0  ti_sysbios_gates_GateMutex_Module__diagsMask__C                      
0000bdd4  ti_sysbios_hal_Hwi_E_stackOverflow__C                                
0000bdd8  ti_sysbios_heaps_HeapMem_A_align__C                                  
0000bddc  ti_sysbios_heaps_HeapMem_A_heapSize__C                               
0000bde0  ti_sysbios_heaps_HeapMem_A_invalidFree__C                            
0000bde4  ti_sysbios_heaps_HeapMem_A_zeroBlock__C                              
0000bde8  ti_sysbios_heaps_HeapMem_E_memory__C                                 
0000bdec  ti_sysbios_heaps_HeapMem_Module__diagsEnabled__C                     
0000bdf0  ti_sysbios_heaps_HeapMem_Module__diagsIncluded__C                    
0000bdf4  ti_sysbios_heaps_HeapMem_Module__diagsMask__C                        
0000bdf8  ti_sysbios_heaps_HeapMem_Module__gateObj__C                          
0000bdfc  ti_sysbios_heaps_HeapMem_Object__count__C                            
0000be00  ti_sysbios_heaps_HeapMem_reqAlign__C                                 
0000be04  ti_sysbios_knl_Clock_A_badThreadType__C                              
0000be08  ti_sysbios_knl_Clock_LM_begin__C                                     
0000be0c  ti_sysbios_knl_Clock_LM_tick__C                                      
0000be10  ti_sysbios_knl_Clock_LW_delayed__C                                   
0000be14  ti_sysbios_knl_Clock_Module_State_clockQ__O                          
0000be18  ti_sysbios_knl_Clock_Module__diagsEnabled__C                         
0000be1c  ti_sysbios_knl_Clock_Module__diagsIncluded__C                        
0000be20  ti_sysbios_knl_Clock_Module__diagsMask__C                            
0000be24  ti_sysbios_knl_Clock_Module__loggerFxn1__C                           
0000be28  ti_sysbios_knl_Clock_Module__loggerFxn2__C                           
0000be2c  ti_sysbios_knl_Clock_Module__loggerObj__C                            
0000be30  ti_sysbios_knl_Semaphore_A_badContext__C                             
0000be34  ti_sysbios_knl_Semaphore_A_noEvents__C                               
0000be38  ti_sysbios_knl_Semaphore_A_overflow__C                               
0000be3c  ti_sysbios_knl_Semaphore_A_pendTaskDisabled__C                       
0000be40  ti_sysbios_knl_Semaphore_Instance_State_pendQ__O                     
0000be44  ti_sysbios_knl_Semaphore_LM_pend__C                                  
0000be48  ti_sysbios_knl_Semaphore_LM_post__C                                  
0000be4c  ti_sysbios_knl_Semaphore_Module__diagsEnabled__C                     
0000be50  ti_sysbios_knl_Semaphore_Module__diagsIncluded__C                    
0000be54  ti_sysbios_knl_Semaphore_Module__diagsMask__C                        
0000be58  ti_sysbios_knl_Semaphore_Module__loggerFxn2__C                       
0000be5c  ti_sysbios_knl_Semaphore_Module__loggerFxn4__C                       
0000be60  ti_sysbios_knl_Semaphore_Module__loggerObj__C                        
0000be64  ti_sysbios_knl_Swi_LD_end__C                                         
0000be68  ti_sysbios_knl_Swi_LM_begin__C                                       
0000be6c  ti_sysbios_knl_Swi_LM_post__C                                        
0000be70  ti_sysbios_knl_Swi_Module__diagsEnabled__C                           
0000be74  ti_sysbios_knl_Swi_Module__diagsIncluded__C                          
0000be78  ti_sysbios_knl_Swi_Module__diagsMask__C                              
0000be7c  ti_sysbios_knl_Swi_Module__loggerFxn1__C                             
0000be80  ti_sysbios_knl_Swi_Module__loggerFxn4__C                             
0000be84  ti_sysbios_knl_Swi_Module__loggerObj__C                              
0000be88  ti_sysbios_knl_Swi_Object__count__C                                  
0000be8c  ti_sysbios_knl_Task_A_badPriority__C                                 
0000be90  ti_sysbios_knl_Task_A_badTaskState__C                                
0000be94  ti_sysbios_knl_Task_A_badThreadType__C                               
0000be98  ti_sysbios_knl_Task_A_noPendElem__C                                  
0000be9c  ti_sysbios_knl_Task_E_spOutOfBounds__C                               
0000bea0  ti_sysbios_knl_Task_E_stackOverflow__C                               
0000bea4  ti_sysbios_knl_Task_LD_block__C                                      
0000bea8  ti_sysbios_knl_Task_LD_exit__C                                       
0000beac  ti_sysbios_knl_Task_LD_ready__C                                      
0000beb0  ti_sysbios_knl_Task_LM_switch__C                                     
0000beb4  ti_sysbios_knl_Task_Module_State_inactiveQ__O                        
0000beb8  ti_sysbios_knl_Task_Module__diagsEnabled__C                          
0000bebc  ti_sysbios_knl_Task_Module__diagsIncluded__C                         
0000bec0  ti_sysbios_knl_Task_Module__diagsMask__C                             
0000bec4  ti_sysbios_knl_Task_Module__loggerFxn2__C                            
0000bec8  ti_sysbios_knl_Task_Module__loggerFxn4__C                            
0000becc  ti_sysbios_knl_Task_Module__loggerObj__C                             
0000bed0  ti_sysbios_knl_Task_Object__count__C                                 
0000bed4  ti_sysbios_knl_Task_allBlockedFunc__C                                
0000bed8  ti_sysbios_knl_Task_defaultStackHeap__C                              
0000bedc  ti_sysbios_knl_Task_defaultStackSize__C                              
0000bee0  ti_sysbios_knl_Task_numConstructedTasks__C                           
0000bee4  ti_sysbios_utils_Load_LS_cpuLoad__C                                  
0000bee8  ti_sysbios_utils_Load_Module__diagsEnabled__C                        
0000beec  ti_sysbios_utils_Load_Module__diagsIncluded__C                       
0000bef0  ti_sysbios_utils_Load_Module__diagsMask__C                           
0000bef4  ti_sysbios_utils_Load_Module__loggerFxn1__C                          
0000bef8  ti_sysbios_utils_Load_Module__loggerObj__C                           
0000befc  ti_sysbios_utils_Load_postUpdate__C                                  
0000bf00  ti_sysbios_utils_Load_windowInMs__C                                  
0000bf04  ti_uia_loggers_LoggerStopMode_Module__diagsEnabled__C                
0000bf08  ti_uia_loggers_LoggerStopMode_Module__diagsIncluded__C               
0000bf0c  ti_uia_loggers_LoggerStopMode_Module__diagsMask__C                   
0000bf10  ti_uia_loggers_LoggerStopMode_Object__count__C                       
0000bf14  ti_uia_runtime_ILoggerSnapshot_Interface__BASE__C                    
0000bf18  ti_uia_runtime_IUIATransfer_Interface__BASE__C                       
0000bf1c  xdc_runtime_Assert_E_assertFailed__C                                 
0000bf20  xdc_runtime_Core_A_initializedParams__C                              
0000bf24  xdc_runtime_Core_Module__diagsEnabled__C                             
0000bf28  xdc_runtime_Core_Module__diagsIncluded__C                            
0000bf2c  xdc_runtime_Core_Module__diagsMask__C                                
0000bf30  xdc_runtime_Error_E_memory__C                                        
0000bf34  xdc_runtime_Error_Module__diagsEnabled__C                            
0000bf38  xdc_runtime_Error_Module__diagsIncluded__C                           
0000bf3c  xdc_runtime_Error_Module__diagsMask__C                               
0000bf40  xdc_runtime_Error_Module__loggerFxn8__C                              
0000bf44  xdc_runtime_Error_Module__loggerObj__C                               
0000bf48  xdc_runtime_Error_policyFxn__C                                       
0000bf4c  xdc_runtime_Error_raiseHook__C                                       
0000bf50  xdc_runtime_IFilterLogger_Interface__BASE__C                         
0000bf54  xdc_runtime_IGateProvider_Interface__BASE__C                         
0000bf58  xdc_runtime_IHeap_Interface__BASE__C                                 
0000bf5c  xdc_runtime_ILogger_Interface__BASE__C                               
0000bf60  xdc_runtime_IModule_Interface__BASE__C                               
0000bf64  xdc_runtime_Log_L_error__C                                           
0000bf68  xdc_runtime_Memory_defaultHeapInstance__C                            
0000bf6c  xdc_runtime_Startup_execImpl__C                                      
0000bf70  xdc_runtime_Startup_lastFxns__A                                      
0000bf74  xdc_runtime_Startup_maxPasses__C                                     
0000bf78  xdc_runtime_Startup_sfxnRts__C                                       
0000bf7c  xdc_runtime_Startup_sfxnTab__C                                       
0000bf80  xdc_runtime_SysMin_bufSize__C                                        
0000bf84  xdc_runtime_SysMin_outputFunc__C                                     
0000bf88  xdc_runtime_System_Module__gateObj__C                                
0000bf8c  xdc_runtime_System_abortFxn__C                                       
0000bf90  xdc_runtime_System_exitFxn__C                                        
0000bf94  xdc_runtime_System_extendFxn__C                                      
0000bf98  xdc_runtime_System_maxAtexitHandlers__C                              
0000bf9c  xdc_runtime_Text_charTab__C                                          
0000bfa0  xdc_runtime_Text_nameEmpty__C                                        
0000bfa4  xdc_runtime_Text_nameStatic__C                                       
0000bfa8  xdc_runtime_Text_nameUnknown__C                                      
0000bfac  xdc_runtime_Text_nodeTab__C                                          
0000bfb0  xdc_runtime_Text_visitRopeFxn__C                                     
0000bfb4  ti_sysbios_family_arm_lm4_TimestampProvider_useClockTimer__C         
0000bfb6  ti_sysbios_family_arm_m3_Hwi_Module__id__C                           
0000bfb8  ti_sysbios_family_arm_m3_Hwi_Module__loggerDefined__C                
0000bfba  ti_sysbios_gates_GateMutex_Module__id__C                             
0000bfbc  ti_sysbios_hal_Hwi_Module__id__C                                     
0000bfbe  ti_sysbios_heaps_HeapMem_Module__id__C                               
0000bfc0  ti_sysbios_knl_Clock_Module__id__C                                   
0000bfc2  ti_sysbios_knl_Clock_Module__loggerDefined__C                        
0000bfc4  ti_sysbios_knl_Semaphore_Module__id__C                               
0000bfc6  ti_sysbios_knl_Semaphore_Module__loggerDefined__C                    
0000bfc8  ti_sysbios_knl_Swi_Module__id__C                                     
0000bfca  ti_sysbios_knl_Swi_Module__loggerDefined__C                          
0000bfcc  ti_sysbios_knl_Task_Module__id__C                                    
0000bfce  ti_sysbios_knl_Task_Module__loggerDefined__C                         
0000bfd0  ti_sysbios_utils_Load_Module__id__C                                  
0000bfd2  ti_sysbios_utils_Load_Module__loggerDefined__C                       
0000bfd4  ti_sysbios_utils_Load_updateInIdle__C                                
0000bfd6  ti_uia_loggers_LoggerStopMode_Module__id__C                          
0000bfd8  ti_uia_loggers_LoggerStopMode_isTimestampEnabled__C                  
0000bfda  xdc_runtime_Core_Module__id__C                                       
0000bfdc  xdc_runtime_Error_Module__loggerDefined__C                           
0000bfde  xdc_runtime_Error_maxDepth__C                                        
0000bfe0  xdc_runtime_Memory_Module__id__C                                     
0000bfe2  xdc_runtime_SysMin_flushAtExit__C                                    
0000bfe4  xdc_runtime_Text_charCnt__C                                          
0000bfe6  xdc_runtime_Text_isLoaded__C                                         
0000bfe8  xdc_runtime_Text_registryModsLastId__C                               
0000bfea  xdc_runtime_Text_unnamedModsLastId__C                                
0000bff0  __TI_static_base__                                                   
0000c24c  __TI_Handler_Table_Base                                              
0000c258  __TI_Handler_Table_Limit                                             
0000c268  __TI_CINIT_Base                                                      
0000c280  __TI_CINIT_Limit                                                     
20000000  ti_sysbios_family_arm_m3_Hwi_ramVectors                              
20000380  task0Stack                                                           
20000b80  ti_sysbios_heaps_HeapMem_Instance_State_0_buf__A                     
20000f80  ti_uia_loggers_LoggerStopMode_Instance_State_2_packetArray__A        
20001380  ti_sysbios_family_arm_m3_Hwi_dispatchTable                           
200016e0  ti_sysbios_knl_Task_Instance_State_0_stack__A                        
200018e0  uartTivaRingBuffer                                                   
20001900  ti_uia_loggers_LoggerStopMode_Instance_State_1_packetArray__A        
20001b00  __CIOBUF_                                                            
20001c20  task0Struct                                                          
20001c70  parmbuf                                                              
20001c7c  sem                                                                  
20001c80  ti_uia_loggers_LoggerStopMode_Instance_State_0_packetArray__A        
20001d80  uartTivaObjects                                                      
20001edc  xdc_runtime_SysMin_Module_State_0_outbuf__A                          
20001f5c  uart                                                                 
20001f80  ti_uia_loggers_LoggerStopMode_Instance_State_0_hdr__A                
20002000  ti_uia_loggers_LoggerStopMode_Instance_State_1_hdr__A                
20002080  ti_uia_loggers_LoggerStopMode_Instance_State_2_hdr__A                
200020b0  ti_uia_loggers_LoggerStopMode_Object__table__V                       
2000214c  ti_sysbios_utils_Load_Module__state__V                               
200021e4  ti_sysbios_family_arm_lm4_Timer_Object__table__V                     
20002264  ti_sysbios_knl_Swi_Module_State_0_readyQ__A                          
200022e4  ti_sysbios_knl_Task_Module_State_0_readyQ__A                         
20002364  ti_sysbios_knl_Task_Object__table__V                                 
200023b0  ti_sysbios_knl_Task_Module__state__V                                 
200023f4  ti_sysbios_family_arm_lm4_Timer_Module_State_0_device__A             
20002434  ti_sysbios_gates_GateMutex_Object__table__V                          
2000246c  ti_sysbios_family_arm_m3_Hwi_Module__state__V                        
200024a0  ti_sysbios_family_arm_m3_Hwi_Object__table__V                        
200024d0  ti_sysbios_knl_Swi_Object__table__V                                  
20002500  ti_sysbios_knl_Clock_Module__state__V                                
2000252c  ti_sysbios_BIOS_Module__state__V                                     
20002550  ti_sysbios_family_arm_lm4_Timer_Module_State_0_handles__A            
20002570  ti_sysbios_knl_Swi_Module__state__V                                  
2000258c  ti_sysbios_heaps_HeapMem_Object__table__V                            
200025a4  gpioPinConfigs                                                       
200025b8  ti_sysbios_family_arm_lm4_Timer_Module__state__V                     
200025c4  ti_sysbios_knl_Task_Module__root__V                                  
200025d0  ti_uia_runtime_QueueDescriptor_Module__state__V                      
200025dc  xdc_runtime_SysMin_Module__state__V                                  
200025e8  _lock                                                                
200025ec  _unlock                                                              
200025f0  gpioCallbackFunctions                                                
200025f8  ti_uia_runtime_QueueDescriptor_gPtrToFirstDescriptor                 
200025fc  ti_uia_runtime_QueueDescriptor_gUpdateCount                          
20002600  ti_sysbios_family_arm_lm4_TimestampProvider_Module__state__V         
20002608  ti_sysbios_family_arm_m3_Hwi_Module__root__V                         
20002610  ti_sysbios_gates_GateHwi_Module__root__V                             
20002618  ti_sysbios_gates_GateMutex_Module__root__V                           
20002620  ti_sysbios_heaps_HeapMem_Module__root__V                             
20002628  ti_sysbios_knl_Clock_Module__root__V                                 
20002630  ti_sysbios_knl_Queue_Module__root__V                                 
20002638  ti_sysbios_knl_Semaphore_Module__root__V                             
20002640  ti_uia_loggers_LoggerStopMode_Module__root__V                        
20002650  xdc_runtime_Registry_Module__state__V                                
20002658  xdc_runtime_Startup_Module__state__V                                 
20002660  xdc_runtime_System_Module_State_0_atexitHandlers__A                  
20002668  xdc_runtime_System_Module__state__V                                  
20002676  ti_sysbios_family_arm_m3_Hwi_Module_State_0_excActive__A             
2000267c  errno                                                                
20002680  main_func_sp                                                         
20002684  ti_sysbios_family_arm_m3_Hwi_Module_State_0_excContext__A            
20002688  ti_sysbios_family_arm_m3_Hwi_Module_State_0_excStack__A              
2000268c  ti_sysbios_gates_GateHwi_Object__table__V                            
20002690  ti_sysbios_knl_Task_Module_State_0_idleTask__A                       
20002694  ti_sysbios_utils_Load_Module_State_0_runningTask__A                  
20002698  ti_sysbios_utils_Load_Module_State_0_taskStartTime__A                
2000269c  xdc_runtime_Memory_Module__state__V                                  
200026a0  xdc_runtime_Error_Module__state__V                                   
200026a8  __stack                                                              
200029a8  __STACK_END                                                          
e000e000  ti_sysbios_family_arm_m3_Hwi_nvic                                    
ffffffff  __TI_pprof_out_hndl                                                  
ffffffff  __TI_prof_data_size                                                  
ffffffff  __TI_prof_data_start                                                 
ffffffff  __binit__                                                            
ffffffff  __c_args__                                                           
ffffffff  binit                                                                
UNDEFED   SHT$$INIT_ARRAY$$Base                                                
UNDEFED   SHT$$INIT_ARRAY$$Limit                                               

[759 symbols]
